17:57:11 **** Build of project gpio_bsp ****
make -k all 
"Running Make include in ps7_cortexa9_0/libsrc/coresightps_dcc_v1_4/src"
make -C ps7_cortexa9_0/libsrc/coresightps_dcc_v1_4/src -s include  "SHELL=CMD" "COMPILER=arm-none-eabi-gcc" "ARCHIVER=arm-none-eabi-ar" "COMPILER_FLAGS=  -O2 -c" "EXTRA_COMPILER_FLAGS=-mcpu=cortex-a9 -mfpu=vfpv3 -mfloat-abi=hard -nostartfiles -g -Wall -Wextra"
"Running Make include in ps7_cortexa9_0/libsrc/cpu_cortexa9_v2_7/src"
make -C ps7_cortexa9_0/libsrc/cpu_cortexa9_v2_7/src -s include  "SHELL=CMD" "COMPILER=arm-none-eabi-gcc" "ARCHIVER=arm-none-eabi-ar" "COMPILER_FLAGS=  -O2 -c" "EXTRA_COMPILER_FLAGS=-mcpu=cortex-a9 -mfpu=vfpv3 -mfloat-abi=hard -nostartfiles -g -Wall -Wextra"
"Running Make include in ps7_cortexa9_0/libsrc/ddrps_v1_0/src"
make -C ps7_cortexa9_0/libsrc/ddrps_v1_0/src -s include  "SHELL=CMD" "COMPILER=arm-none-eabi-gcc" "ARCHIVER=arm-none-eabi-ar" "COMPILER_FLAGS=  -O2 -c" "EXTRA_COMPILER_FLAGS=-mcpu=cortex-a9 -mfpu=vfpv3 -mfloat-abi=hard -nostartfiles -g -Wall -Wextra"
"Running Make include in ps7_cortexa9_0/libsrc/devcfg_v3_5/src"
make -C ps7_cortexa9_0/libsrc/devcfg_v3_5/src -s include  "SHELL=CMD" "COMPILER=arm-none-eabi-gcc" "ARCHIVER=arm-none-eabi-ar" "COMPILER_FLAGS=  -O2 -c" "EXTRA_COMPILER_FLAGS=-mcpu=cortex-a9 -mfpu=vfpv3 -mfloat-abi=hard -nostartfiles -g -Wall -Wextra"
"Running Make include in ps7_cortexa9_0/libsrc/dmaps_v2_4/src"
make -C ps7_cortexa9_0/libsrc/dmaps_v2_4/src -s include  "SHELL=CMD" "COMPILER=arm-none-eabi-gcc" "ARCHIVER=arm-none-eabi-ar" "COMPILER_FLAGS=  -O2 -c" "EXTRA_COMPILER_FLAGS=-mcpu=cortex-a9 -mfpu=vfpv3 -mfloat-abi=hard -nostartfiles -g -Wall -Wextra"
"Running Make include in ps7_cortexa9_0/libsrc/gpiops_v3_4/src"
make -C ps7_cortexa9_0/libsrc/gpiops_v3_4/src -s include  "SHELL=CMD" "COMPILER=arm-none-eabi-gcc" "ARCHIVER=arm-none-eabi-ar" "COMPILER_FLAGS=  -O2 -c" "EXTRA_COMPILER_FLAGS=-mcpu=cortex-a9 -mfpu=vfpv3 -mfloat-abi=hard -nostartfiles -g -Wall -Wextra"
"Running Make include in ps7_cortexa9_0/libsrc/qspips_v3_5/src"
make -C ps7_cortexa9_0/libsrc/qspips_v3_5/src -s include  "SHELL=CMD" "COMPILER=arm-none-eabi-gcc" "ARCHIVER=arm-none-eabi-ar" "COMPILER_FLAGS=  -O2 -c" "EXTRA_COMPILER_FLAGS=-mcpu=cortex-a9 -mfpu=vfpv3 -mfloat-abi=hard -nostartfiles -g -Wall -Wextra"
"Running Make include in ps7_cortexa9_0/libsrc/scugic_v3_10/src"
make -C ps7_cortexa9_0/libsrc/scugic_v3_10/src -s include  "SHELL=CMD" "COMPILER=arm-none-eabi-gcc" "ARCHIVER=arm-none-eabi-ar" "COMPILER_FLAGS=  -O2 -c" "EXTRA_COMPILER_FLAGS=-mcpu=cortex-a9 -mfpu=vfpv3 -mfloat-abi=hard -nostartfiles -g -Wall -Wextra"
"Running Make include in ps7_cortexa9_0/libsrc/scutimer_v2_1/src"
make -C ps7_cortexa9_0/libsrc/scutimer_v2_1/src -s include  "SHELL=CMD" "COMPILER=arm-none-eabi-gcc" "ARCHIVER=arm-none-eabi-ar" "COMPILER_FLAGS=  -O2 -c" "EXTRA_COMPILER_FLAGS=-mcpu=cortex-a9 -mfpu=vfpv3 -mfloat-abi=hard -nostartfiles -g -Wall -Wextra"
"Running Make include in ps7_cortexa9_0/libsrc/scuwdt_v2_1/src"
make -C ps7_cortexa9_0/libsrc/scuwdt_v2_1/src -s include  "SHELL=CMD" "COMPILER=arm-none-eabi-gcc" "ARCHIVER=arm-none-eabi-ar" "COMPILER_FLAGS=  -O2 -c" "EXTRA_COMPILER_FLAGS=-mcpu=cortex-a9 -mfpu=vfpv3 -mfloat-abi=hard -nostartfiles -g -Wall -Wextra"
"Running Make include in ps7_cortexa9_0/libsrc/standalone_v6_8/src"
make -C ps7_cortexa9_0/libsrc/standalone_v6_8/src -s include  "SHELL=CMD" "COMPILER=arm-none-eabi-gcc" "ARCHIVER=arm-none-eabi-ar" "COMPILER_FLAGS=  -O2 -c" "EXTRA_COMPILER_FLAGS=-mcpu=cortex-a9 -mfpu=vfpv3 -mfloat-abi=hard -nostartfiles -g -Wall -Wextra"
"Running Make include in ps7_cortexa9_0/libsrc/uartps_v3_7/src"
make -C ps7_cortexa9_0/libsrc/uartps_v3_7/src -s include  "SHELL=CMD" "COMPILER=arm-none-eabi-gcc" "ARCHIVER=arm-none-eabi-ar" "COMPILER_FLAGS=  -O2 -c" "EXTRA_COMPILER_FLAGS=-mcpu=cortex-a9 -mfpu=vfpv3 -mfloat-abi=hard -nostartfiles -g -Wall -Wextra"
"Running Make include in ps7_cortexa9_0/libsrc/xadcps_v2_3/src"
make -C ps7_cortexa9_0/libsrc/xadcps_v2_3/src -s include  "SHELL=CMD" "COMPILER=arm-none-eabi-gcc" "ARCHIVER=arm-none-eabi-ar" "COMPILER_FLAGS=  -O2 -c" "EXTRA_COMPILER_FLAGS=-mcpu=cortex-a9 -mfpu=vfpv3 -mfloat-abi=hard -nostartfiles -g -Wall -Wextra"
"Running Make libs in ps7_cortexa9_0/libsrc/coresightps_dcc_v1_4/src"
make -C ps7_cortexa9_0/libsrc/coresightps_dcc_v1_4/src -s libs  "SHELL=CMD" "COMPILER=arm-none-eabi-gcc" "ARCHIVER=arm-none-eabi-ar" "COMPILER_FLAGS=  -O2 -c" "EXTRA_COMPILER_FLAGS=-mcpu=cortex-a9 -mfpu=vfpv3 -mfloat-abi=hard -nostartfiles -g -Wall -Wextra"
"Compiling coresightps_dcc"
arm-none-eabi-ar: creating ../../../lib/libxil.a
"Running Make libs in ps7_cortexa9_0/libsrc/cpu_cortexa9_v2_7/src"
make -C ps7_cortexa9_0/libsrc/cpu_cortexa9_v2_7/src -s libs  "SHELL=CMD" "COMPILER=arm-none-eabi-gcc" "ARCHIVER=arm-none-eabi-ar" "COMPILER_FLAGS=  -O2 -c" "EXTRA_COMPILER_FLAGS=-mcpu=cortex-a9 -mfpu=vfpv3 -mfloat-abi=hard -nostartfiles -g -Wall -Wextra"
"Compiling cpu_cortexa9"
"Running Make libs in ps7_cortexa9_0/libsrc/ddrps_v1_0/src"
make -C ps7_cortexa9_0/libsrc/ddrps_v1_0/src -s libs  "SHELL=CMD" "COMPILER=arm-none-eabi-gcc" "ARCHIVER=arm-none-eabi-ar" "COMPILER_FLAGS=  -O2 -c" "EXTRA_COMPILER_FLAGS=-mcpu=cortex-a9 -mfpu=vfpv3 -mfloat-abi=hard -nostartfiles -g -Wall -Wextra"
"Compiling ddrps"
"Running Make libs in ps7_cortexa9_0/libsrc/devcfg_v3_5/src"
make -C ps7_cortexa9_0/libsrc/devcfg_v3_5/src -s libs  "SHELL=CMD" "COMPILER=arm-none-eabi-gcc" "ARCHIVER=arm-none-eabi-ar" "COMPILER_FLAGS=  -O2 -c" "EXTRA_COMPILER_FLAGS=-mcpu=cortex-a9 -mfpu=vfpv3 -mfloat-abi=hard -nostartfiles -g -Wall -Wextra"
"Compiling devcfg"
"Running Make libs in ps7_cortexa9_0/libsrc/dmaps_v2_4/src"
make -C ps7_cortexa9_0/libsrc/dmaps_v2_4/src -s libs  "SHELL=CMD" "COMPILER=arm-none-eabi-gcc" "ARCHIVER=arm-none-eabi-ar" "COMPILER_FLAGS=  -O2 -c" "EXTRA_COMPILER_FLAGS=-mcpu=cortex-a9 -mfpu=vfpv3 -mfloat-abi=hard -nostartfiles -g -Wall -Wextra"
"Compiling dmaps"
"Running Make libs in ps7_cortexa9_0/libsrc/gpiops_v3_4/src"
make -C ps7_cortexa9_0/libsrc/gpiops_v3_4/src -s libs  "SHELL=CMD" "COMPILER=arm-none-eabi-gcc" "ARCHIVER=arm-none-eabi-ar" "COMPILER_FLAGS=  -O2 -c" "EXTRA_COMPILER_FLAGS=-mcpu=cortex-a9 -mfpu=vfpv3 -mfloat-abi=hard -nostartfiles -g -Wall -Wextra"
"Compiling gpiops"
"Running Make libs in ps7_cortexa9_0/libsrc/qspips_v3_5/src"
make -C ps7_cortexa9_0/libsrc/qspips_v3_5/src -s libs  "SHELL=CMD" "COMPILER=arm-none-eabi-gcc" "ARCHIVER=arm-none-eabi-ar" "COMPILER_FLAGS=  -O2 -c" "EXTRA_COMPILER_FLAGS=-mcpu=cortex-a9 -mfpu=vfpv3 -mfloat-abi=hard -nostartfiles -g -Wall -Wextra"
"Compiling qspips"
"Running Make libs in ps7_cortexa9_0/libsrc/scugic_v3_10/src"
make -C ps7_cortexa9_0/libsrc/scugic_v3_10/src -s libs  "SHELL=CMD" "COMPILER=arm-none-eabi-gcc" "ARCHIVER=arm-none-eabi-ar" "COMPILER_FLAGS=  -O2 -c" "EXTRA_COMPILER_FLAGS=-mcpu=cortex-a9 -mfpu=vfpv3 -mfloat-abi=hard -nostartfiles -g -Wall -Wextra"
"Compiling scugic"
"Running Make libs in ps7_cortexa9_0/libsrc/scutimer_v2_1/src"
make -C ps7_cortexa9_0/libsrc/scutimer_v2_1/src -s libs  "SHELL=CMD" "COMPILER=arm-none-eabi-gcc" "ARCHIVER=arm-none-eabi-ar" "COMPILER_FLAGS=  -O2 -c" "EXTRA_COMPILER_FLAGS=-mcpu=cortex-a9 -mfpu=vfpv3 -mfloat-abi=hard -nostartfiles -g -Wall -Wextra"
"Compiling scutimer"
"Running Make libs in ps7_cortexa9_0/libsrc/scuwdt_v2_1/src"
make -C ps7_cortexa9_0/libsrc/scuwdt_v2_1/src -s libs  "SHELL=CMD" "COMPILER=arm-none-eabi-gcc" "ARCHIVER=arm-none-eabi-ar" "COMPILER_FLAGS=  -O2 -c" "EXTRA_COMPILER_FLAGS=-mcpu=cortex-a9 -mfpu=vfpv3 -mfloat-abi=hard -nostartfiles -g -Wall -Wextra"
"Compiling scuwdt"
"Running Make libs in ps7_cortexa9_0/libsrc/standalone_v6_8/src"
make -C ps7_cortexa9_0/libsrc/standalone_v6_8/src -s libs  "SHELL=CMD" "COMPILER=arm-none-eabi-gcc" "ARCHIVER=arm-none-eabi-ar" "COMPILER_FLAGS=  -O2 -c" "EXTRA_COMPILER_FLAGS=-mcpu=cortex-a9 -mfpu=vfpv3 -mfloat-abi=hard -nostartfiles -g -Wall -Wextra"
"Compiling standalone"
In file included from usleep.c:56:0:
xtime_l.h:87:9: note: #pragma message: For the sleep routines, Global timer is being used
 #pragma message ("For the sleep routines, Global timer is being used")
         ^~~~~~~
In file included from xil_sleeptimer.c:51:0:
xtime_l.h:87:9: note: #pragma message: For the sleep routines, Global timer is being used
 #pragma message ("For the sleep routines, Global timer is being used")
         ^~~~~~~
In file included from xtime_l.c:49:0:
xtime_l.h:87:9: note: #pragma message: For the sleep routines, Global timer is being used
 #pragma message ("For the sleep routines, Global timer is being used")
         ^~~~~~~
In file included from sleep.c:53:0:
xtime_l.h:87:9: note: #pragma message: For the sleep routines, Global timer is being used
 #pragma message ("For the sleep routines, Global timer is being used")
         ^~~~~~~
"Running Make libs in ps7_cortexa9_0/libsrc/uartps_v3_7/src"
make -C ps7_cortexa9_0/libsrc/uartps_v3_7/src -s libs  "SHELL=CMD" "COMPILER=arm-none-eabi-gcc" "ARCHIVER=arm-none-eabi-ar" "COMPILER_FLAGS=  -O2 -c" "EXTRA_COMPILER_FLAGS=-mcpu=cortex-a9 -mfpu=vfpv3 -mfloat-abi=hard -nostartfiles -g -Wall -Wextra"
"Compiling uartps"
"Running Make libs in ps7_cortexa9_0/libsrc/xadcps_v2_3/src"
make -C ps7_cortexa9_0/libsrc/xadcps_v2_3/src -s libs  "SHELL=CMD" "COMPILER=arm-none-eabi-gcc" "ARCHIVER=arm-none-eabi-ar" "COMPILER_FLAGS=  -O2 -c" "EXTRA_COMPILER_FLAGS=-mcpu=cortex-a9 -mfpu=vfpv3 -mfloat-abi=hard -nostartfiles -g -Wall -Wextra"
"Compiling xadcps"
'Finished building libraries'
17:57:25 **** Build of configuration Debug for project gpio ****
make pre-build main-build 
a9-linaro-pre-build-step
' '
'Building file: ../src/helloworld.c'
'Invoking: ARM v7 gcc compiler'
arm-none-eabi-gcc -Wall -O0 -g3 -c -fmessage-length=0 -MT"src/helloworld.o" -mcpu=cortex-a9 -mfpu=vfpv3 -mfloat-abi=hard -I../../gpio_bsp/ps7_cortexa9_0/include -MMD -MP -MF"src/helloworld.d" -MT"src/helloworld.o" -o "src/helloworld.o" "../src/helloworld.c"
'Finished building: ../src/helloworld.c'
' '
'Building file: ../src/platform.c'
'Invoking: ARM v7 gcc compiler'
arm-none-eabi-gcc -Wall -O0 -g3 -c -fmessage-length=0 -MT"src/platform.o" -mcpu=cortex-a9 -mfpu=vfpv3 -mfloat-abi=hard -I../../gpio_bsp/ps7_cortexa9_0/include -MMD -MP -MF"src/platform.d" -MT"src/platform.o" -o "src/platform.o" "../src/platform.c"
'Finished building: ../src/platform.c'
' '
'Building target: gpio.elf'
'Invoking: ARM v7 gcc linker'
arm-none-eabi-gcc -mcpu=cortex-a9 -mfpu=vfpv3 -mfloat-abi=hard -Wl,-build-id=none -specs=Xilinx.spec -Wl,-T -Wl,../src/lscript.ld -L../../gpio_bsp/ps7_cortexa9_0/lib -o "gpio.elf"  ./src/helloworld.o ./src/platform.o   -Wl,--start-group,-lxil,-lgcc,-lc,--end-group
'Finished building target: gpio.elf'
' '
'Invoking: ARM v7 Print Size'
arm-none-eabi-size gpio.elf  |tee "gpio.elf.size"
   text	   data	    bss	    dec	    hex	filename
  19352	   1144	  22568	  43064	   a838	gpio.elf
'Finished building: gpio.elf.size'
' '
17:57:28 **** Auto Build of configuration Debug for project gpio ****
make pre-build main-build 
a9-linaro-pre-build-step
' '
'Building file: ../src/helloworld.c'
'Invoking: ARM v7 gcc compiler'
arm-none-eabi-gcc -Wall -O0 -g3 -c -fmessage-length=0 -MT"src/helloworld.o" -mcpu=cortex-a9 -mfpu=vfpv3 -mfloat-abi=hard -I../../gpio_bsp/ps7_cortexa9_0/include -MMD -MP -MF"src/helloworld.d" -MT"src/helloworld.o" -o "src/helloworld.o" "../src/helloworld.c"
'Finished building: ../src/helloworld.c'
' '
'Building target: gpio.elf'
'Invoking: ARM v7 gcc linker'
arm-none-eabi-gcc -mcpu=cortex-a9 -mfpu=vfpv3 -mfloat-abi=hard -Wl,-build-id=none -specs=Xilinx.spec -Wl,-T -Wl,../src/lscript.ld -L../../gpio_bsp/ps7_cortexa9_0/lib -o "gpio.elf"  ./src/helloworld.o ./src/platform.o   -Wl,--start-group,-lxil,-lgcc,-lc,--end-group
'Finished building target: gpio.elf'
' '
'Invoking: ARM v7 Print Size'
arm-none-eabi-size gpio.elf  |tee "gpio.elf.size"
   text	   data	    bss	    dec	    hex	filename
  19352	   1144	  22568	  43064	   a838	gpio.elf
'Finished building: gpio.elf.size'
' '
17:57:50 **** Auto Build of configuration Debug for project gpio ****
make pre-build main-build 
a9-linaro-pre-build-step
' '
'Building file: ../src/helloworld.c'
'Invoking: ARM v7 gcc compiler'
arm-none-eabi-gcc -Wall -O0 -g3 -c -fmessage-length=0 -MT"src/helloworld.o" -mcpu=cortex-a9 -mfpu=vfpv3 -mfloat-abi=hard -I../../gpio_bsp/ps7_cortexa9_0/include -MMD -MP -MF"src/helloworld.d" -MT"src/helloworld.o" -o "src/helloworld.o" "../src/helloworld.c"
'Finished building: ../src/helloworld.c'
' '
'Building target: gpio.elf'
'Invoking: ARM v7 gcc linker'
arm-none-eabi-gcc -mcpu=cortex-a9 -mfpu=vfpv3 -mfloat-abi=hard -Wl,-build-id=none -specs=Xilinx.spec -Wl,-T -Wl,../src/lscript.ld -L../../gpio_bsp/ps7_cortexa9_0/lib -o "gpio.elf"  ./src/helloworld.o ./src/platform.o   -Wl,--start-group,-lxil,-lgcc,-lc,--end-group
'Finished building target: gpio.elf'
' '
'Invoking: ARM v7 Print Size'
arm-none-eabi-size gpio.elf  |tee "gpio.elf.size"
   text	   data	    bss	    dec	    hex	filename
  19352	   1144	  22568	  43064	   a838	gpio.elf
'Finished building: gpio.elf.size'
' '
18:00:03 **** Auto Build of configuration Debug for project gpio ****
make pre-build main-build 
a9-linaro-pre-build-step
' '
'Building file: ../src/helloworld.c'
'Invoking: ARM v7 gcc compiler'
arm-none-eabi-gcc -Wall -O0 -g3 -c -fmessage-length=0 -MT"src/helloworld.o" -mcpu=cortex-a9 -mfpu=vfpv3 -mfloat-abi=hard -I../../gpio_bsp/ps7_cortexa9_0/include -MMD -MP -MF"src/helloworld.d" -MT"src/helloworld.o" -o "src/helloworld.o" "../src/helloworld.c"
../src/helloworld.c:6:1: error: unknown type name 'XSpiPs'; did you mean 'XGpioPs'?
 XSpiPs SpiInstance_EMIO;
 ^~~~~~
 XGpioPs
../src/helloworld.c:7:1: error: unknown type name 'XSpiPs_Config'; did you mean 'XGpioPs_Config'?
 XSpiPs_Config *SpiConfig_EMIO;
 ^~~~~~~~~~~~~
 XGpioPs_Config
../src/helloworld.c: In function 'main':
../src/helloworld.c:13:2: error: 'gpio_cfg' undeclared (first use in this function)
  gpio_cfg = XGpioPs_LookupConfig(XPAR_XGPIOPS_0_DEVICE_ID);
  ^~~~~~~~
../src/helloworld.c:13:2: note: each undeclared identifier is reported only once for each function it appears in
../src/helloworld.c:14:25: error: 'gpio' undeclared (first use in this function)
  XGpioPs_CfgInitialize(&gpio, gpio_cfg,gpio_cfg->BaseAddr);
                         ^~~~
make: *** [src/subdir.mk:26: src/helloworld.o] Error 1
18:00:28 **** Auto Build of configuration Debug for project gpio ****
make pre-build main-build 
a9-linaro-pre-build-step
' '
'Building file: ../src/helloworld.c'
'Invoking: ARM v7 gcc compiler'
arm-none-eabi-gcc -Wall -O0 -g3 -c -fmessage-length=0 -MT"src/helloworld.o" -mcpu=cortex-a9 -mfpu=vfpv3 -mfloat-abi=hard -I../../gpio_bsp/ps7_cortexa9_0/include -MMD -MP -MF"src/helloworld.d" -MT"src/helloworld.o" -o "src/helloworld.o" "../src/helloworld.c"
../src/helloworld.c:6:1: error: unknown type name 'XSpiPs'; did you mean 'XGpioPs'?
 XSpiPs SpiInstance_EMIO;
 ^~~~~~
 XGpioPs
../src/helloworld.c:7:1: error: unknown type name 'XSpiPs_Config'; did you mean 'XGpioPs_Config'?
 XSpiPs_Config *SpiConfig_EMIO;
 ^~~~~~~~~~~~~
 XGpioPs_Config
../src/helloworld.c: In function 'main':
../src/helloworld.c:13:2: error: 'gpio_cfg' undeclared (first use in this function)
  gpio_cfg = XGpioPs_LookupConfig(XPAR_XGPIOPS_0_DEVICE_ID);
  ^~~~~~~~
../src/helloworld.c:13:2: note: each undeclared identifier is reported only once for each function it appears in
../src/helloworld.c:14:25: error: 'gpio' undeclared (first use in this function)
  XGpioPs_CfgInitialize(&gpio, gpio_cfg,gpio_cfg->BaseAddr);
                         ^~~~
make: *** [src/subdir.mk:26: src/helloworld.o] Error 1
18:00:52 **** Auto Build of configuration Debug for project gpio ****
make pre-build main-build 
a9-linaro-pre-build-step
' '
'Building file: ../src/helloworld.c'
'Invoking: ARM v7 gcc compiler'
arm-none-eabi-gcc -Wall -O0 -g3 -c -fmessage-length=0 -MT"src/helloworld.o" -mcpu=cortex-a9 -mfpu=vfpv3 -mfloat-abi=hard -I../../gpio_bsp/ps7_cortexa9_0/include -MMD -MP -MF"src/helloworld.d" -MT"src/helloworld.o" -o "src/helloworld.o" "../src/helloworld.c"
'Finished building: ../src/helloworld.c'
' '
'Building target: gpio.elf'
'Invoking: ARM v7 gcc linker'
arm-none-eabi-gcc -mcpu=cortex-a9 -mfpu=vfpv3 -mfloat-abi=hard -Wl,-build-id=none -specs=Xilinx.spec -Wl,-T -Wl,../src/lscript.ld -L../../gpio_bsp/ps7_cortexa9_0/lib -o "gpio.elf"  ./src/helloworld.o ./src/platform.o   -Wl,--start-group,-lxil,-lgcc,-lc,--end-group
'Finished building target: gpio.elf'
' '
'Invoking: ARM v7 Print Size'
arm-none-eabi-size gpio.elf  |tee "gpio.elf.size"
   text	   data	    bss	    dec	    hex	filename
  26748	   1152	  22616	  50516	   c554	gpio.elf
'Finished building: gpio.elf.size'
' '
18:00:59 **** Auto Build of configuration Debug for project gpio ****
make pre-build main-build 
a9-linaro-pre-build-step
' '
'Building file: ../src/helloworld.c'
'Invoking: ARM v7 gcc compiler'
arm-none-eabi-gcc -Wall -O0 -g3 -c -fmessage-length=0 -MT"src/helloworld.o" -mcpu=cortex-a9 -mfpu=vfpv3 -mfloat-abi=hard -I../../gpio_bsp/ps7_cortexa9_0/include -MMD -MP -MF"src/helloworld.d" -MT"src/helloworld.o" -o "src/helloworld.o" "../src/helloworld.c"
'Finished building: ../src/helloworld.c'
' '
'Building target: gpio.elf'
'Invoking: ARM v7 gcc linker'
arm-none-eabi-gcc -mcpu=cortex-a9 -mfpu=vfpv3 -mfloat-abi=hard -Wl,-build-id=none -specs=Xilinx.spec -Wl,-T -Wl,../src/lscript.ld -L../../gpio_bsp/ps7_cortexa9_0/lib -o "gpio.elf"  ./src/helloworld.o ./src/platform.o   -Wl,--start-group,-lxil,-lgcc,-lc,--end-group
'Finished building target: gpio.elf'
' '
'Invoking: ARM v7 Print Size'
arm-none-eabi-size gpio.elf  |tee "gpio.elf.size"
   text	   data	    bss	    dec	    hex	filename
  26748	   1152	  22616	  50516	   c554	gpio.elf
'Finished building: gpio.elf.size'
' '
18:02:34 **** Incremental Build of configuration Debug for project gpio ****
make pre-build main-build 
a9-linaro-pre-build-step
' '
make: Nothing to be done for 'main-build'.
18:03:16 **** Incremental Build of configuration Debug for project gpio ****
make pre-build main-build 
a9-linaro-pre-build-step
' '
make: Nothing to be done for 'main-build'.
18:05:57 **** Auto Build of configuration Debug for project gpio ****
make pre-build main-build 
a9-linaro-pre-build-step
' '
'Building file: ../src/helloworld.c'
'Invoking: ARM v7 gcc compiler'
arm-none-eabi-gcc -Wall -O0 -g3 -c -fmessage-length=0 -MT"src/helloworld.o" -mcpu=cortex-a9 -mfpu=vfpv3 -mfloat-abi=hard -I../../gpio_bsp/ps7_cortexa9_0/include -MMD -MP -MF"src/helloworld.d" -MT"src/helloworld.o" -o "src/helloworld.o" "../src/helloworld.c"
../src/helloworld.c: In function 'main':
../src/helloworld.c:18:21: error: 'in' undeclared (first use in this function); did you mean 'pin'?
  XGpioPs_GetBankPin(in, &Bank, &PinNumber);
                     ^~
                     pin
../src/helloworld.c:18:21: note: each undeclared identifier is reported only once for each function it appears in
../src/helloworld.c:18:26: error: 'Bank' undeclared (first use in this function)
  XGpioPs_GetBankPin(in, &Bank, &PinNumber);
                          ^~~~
../src/helloworld.c:18:33: error: 'PinNumber' undeclared (first use in this function)
  XGpioPs_GetBankPin(in, &Bank, &PinNumber);
                                 ^~~~~~~~~
../src/helloworld.c:16:6: warning: unused variable 'pin' [-Wunused-variable]
  int pin=54;
      ^~~
make: *** [src/subdir.mk:26: src/helloworld.o] Error 1
18:06:02 **** Auto Build of configuration Debug for project gpio ****
make pre-build main-build 
a9-linaro-pre-build-step
' '
'Building file: ../src/helloworld.c'
'Invoking: ARM v7 gcc compiler'
arm-none-eabi-gcc -Wall -O0 -g3 -c -fmessage-length=0 -MT"src/helloworld.o" -mcpu=cortex-a9 -mfpu=vfpv3 -mfloat-abi=hard -I../../gpio_bsp/ps7_cortexa9_0/include -MMD -MP -MF"src/helloworld.d" -MT"src/helloworld.o" -o "src/helloworld.o" "../src/helloworld.c"
../src/helloworld.c: In function 'main':
../src/helloworld.c:18:25: error: 'Pin' undeclared (first use in this function); did you mean 'pin'?
  XGpioPs_GetBankPin((u8)Pin, &Bank, &PinNumber);
                         ^~~
                         pin
../src/helloworld.c:18:25: note: each undeclared identifier is reported only once for each function it appears in
../src/helloworld.c:18:31: error: 'Bank' undeclared (first use in this function)
  XGpioPs_GetBankPin((u8)Pin, &Bank, &PinNumber);
                               ^~~~
../src/helloworld.c:18:38: error: 'PinNumber' undeclared (first use in this function)
  XGpioPs_GetBankPin((u8)Pin, &Bank, &PinNumber);
                                      ^~~~~~~~~
../src/helloworld.c:16:6: warning: unused variable 'pin' [-Wunused-variable]
  int pin=54;
      ^~~
make: *** [src/subdir.mk:26: src/helloworld.o] Error 1
18:06:36 **** Auto Build of configuration Debug for project gpio ****
make pre-build main-build 
a9-linaro-pre-build-step
' '
'Building file: ../src/helloworld.c'
'Invoking: ARM v7 gcc compiler'
arm-none-eabi-gcc -Wall -O0 -g3 -c -fmessage-length=0 -MT"src/helloworld.o" -mcpu=cortex-a9 -mfpu=vfpv3 -mfloat-abi=hard -I../../gpio_bsp/ps7_cortexa9_0/include -MMD -MP -MF"src/helloworld.d" -MT"src/helloworld.o" -o "src/helloworld.o" "../src/helloworld.c"
../src/helloworld.c: In function 'main':
../src/helloworld.c:18:25: error: 'Pin' undeclared (first use in this function); did you mean 'pin'?
  XGpioPs_GetBankPin((u8)Pin, &Bank, &PinNumber);
                         ^~~
                         pin
../src/helloworld.c:18:25: note: each undeclared identifier is reported only once for each function it appears in
../src/helloworld.c:18:30: warning: passing argument 2 of 'XGpioPs_GetBankPin' from incompatible pointer type [-Wincompatible-pointer-types]
  XGpioPs_GetBankPin((u8)Pin, &Bank, &PinNumber);
                              ^
In file included from ../src/helloworld.c:4:0:
../../gpio_bsp/ps7_cortexa9_0/include/xgpiops.h:228:6: note: expected 'u8 * {aka unsigned char *}' but argument is of type 'int *'
 void XGpioPs_GetBankPin(u8 PinNumber, u8 *BankNumber, u8 *PinNumberInBank);
      ^~~~~~~~~~~~~~~~~~
../src/helloworld.c:18:37: warning: passing argument 3 of 'XGpioPs_GetBankPin' from incompatible pointer type [-Wincompatible-pointer-types]
  XGpioPs_GetBankPin((u8)Pin, &Bank, &PinNumber);
                                     ^
In file included from ../src/helloworld.c:4:0:
../../gpio_bsp/ps7_cortexa9_0/include/xgpiops.h:228:6: note: expected 'u8 * {aka unsigned char *}' but argument is of type 'int *'
 void XGpioPs_GetBankPin(u8 PinNumber, u8 *BankNumber, u8 *PinNumberInBank);
      ^~~~~~~~~~~~~~~~~~
../src/helloworld.c:16:6: warning: unused variable 'pin' [-Wunused-variable]
  int pin=54, Bank=-1, PinNumber=-1;
      ^~~
make: *** [src/subdir.mk:26: src/helloworld.o] Error 1
18:06:49 **** Auto Build of configuration Debug for project gpio ****
make pre-build main-build 
a9-linaro-pre-build-step
' '
'Building file: ../src/helloworld.c'
'Invoking: ARM v7 gcc compiler'
arm-none-eabi-gcc -Wall -O0 -g3 -c -fmessage-length=0 -MT"src/helloworld.o" -mcpu=cortex-a9 -mfpu=vfpv3 -mfloat-abi=hard -I../../gpio_bsp/ps7_cortexa9_0/include -MMD -MP -MF"src/helloworld.d" -MT"src/helloworld.o" -o "src/helloworld.o" "../src/helloworld.c"
../src/helloworld.c: In function 'main':
../src/helloworld.c:18:25: error: 'Pin' undeclared (first use in this function); did you mean 'pin'?
  XGpioPs_GetBankPin((u8)Pin, &Bank, &PinNumber);
                         ^~~
                         pin
../src/helloworld.c:18:25: note: each undeclared identifier is reported only once for each function it appears in
../src/helloworld.c:16:5: warning: unused variable 'pin' [-Wunused-variable]
  u8 pin=54, Bank=-1, PinNumber=-1;
     ^~~
make: *** [src/subdir.mk:26: src/helloworld.o] Error 1
18:06:53 **** Auto Build of configuration Debug for project gpio ****
make pre-build main-build 
a9-linaro-pre-build-step
' '
'Building file: ../src/helloworld.c'
'Invoking: ARM v7 gcc compiler'
arm-none-eabi-gcc -Wall -O0 -g3 -c -fmessage-length=0 -MT"src/helloworld.o" -mcpu=cortex-a9 -mfpu=vfpv3 -mfloat-abi=hard -I../../gpio_bsp/ps7_cortexa9_0/include -MMD -MP -MF"src/helloworld.d" -MT"src/helloworld.o" -o "src/helloworld.o" "../src/helloworld.c"
../src/helloworld.c: In function 'main':
../src/helloworld.c:18:21: error: 'Pin' undeclared (first use in this function); did you mean 'pin'?
  XGpioPs_GetBankPin(Pin, &Bank, &PinNumber);
                     ^~~
                     pin
../src/helloworld.c:18:21: note: each undeclared identifier is reported only once for each function it appears in
../src/helloworld.c:16:5: warning: unused variable 'pin' [-Wunused-variable]
  u8 pin=54, Bank=-1, PinNumber=-1;
     ^~~
make: *** [src/subdir.mk:26: src/helloworld.o] Error 1
18:07:03 **** Auto Build of configuration Debug for project gpio ****
make pre-build main-build 
a9-linaro-pre-build-step
' '
'Building file: ../src/helloworld.c'
'Invoking: ARM v7 gcc compiler'
arm-none-eabi-gcc -Wall -O0 -g3 -c -fmessage-length=0 -MT"src/helloworld.o" -mcpu=cortex-a9 -mfpu=vfpv3 -mfloat-abi=hard -I../../gpio_bsp/ps7_cortexa9_0/include -MMD -MP -MF"src/helloworld.d" -MT"src/helloworld.o" -o "src/helloworld.o" "../src/helloworld.c"
../src/helloworld.c: In function 'main':
../src/helloworld.c:18:21: error: 'Pin' undeclared (first use in this function); did you mean 'pin'?
  XGpioPs_GetBankPin(Pin, &Bank, &PinNumber);
                     ^~~
                     pin
../src/helloworld.c:18:21: note: each undeclared identifier is reported only once for each function it appears in
../src/helloworld.c:16:5: warning: unused variable 'pin' [-Wunused-variable]
  u8 pin=54, Bank=254, PinNumber=254;
     ^~~
make: *** [src/subdir.mk:26: src/helloworld.o] Error 1
18:07:13 **** Auto Build of configuration Debug for project gpio ****
make pre-build main-build 
a9-linaro-pre-build-step
' '
'Building file: ../src/helloworld.c'
'Invoking: ARM v7 gcc compiler'
arm-none-eabi-gcc -Wall -O0 -g3 -c -fmessage-length=0 -MT"src/helloworld.o" -mcpu=cortex-a9 -mfpu=vfpv3 -mfloat-abi=hard -I../../gpio_bsp/ps7_cortexa9_0/include -MMD -MP -MF"src/helloworld.d" -MT"src/helloworld.o" -o "src/helloworld.o" "../src/helloworld.c"
'Finished building: ../src/helloworld.c'
' '
'Building target: gpio.elf'
'Invoking: ARM v7 gcc linker'
arm-none-eabi-gcc -mcpu=cortex-a9 -mfpu=vfpv3 -mfloat-abi=hard -Wl,-build-id=none -specs=Xilinx.spec -Wl,-T -Wl,../src/lscript.ld -L../../gpio_bsp/ps7_cortexa9_0/lib -o "gpio.elf"  ./src/helloworld.o ./src/platform.o   -Wl,--start-group,-lxil,-lgcc,-lc,--end-group
'Finished building target: gpio.elf'
' '
'Invoking: ARM v7 Print Size'
arm-none-eabi-size gpio.elf  |tee "gpio.elf.size"
   text	   data	    bss	    dec	    hex	filename
  26800	   1152	  22616	  50568	   c588	gpio.elf
'Finished building: gpio.elf.size'
' '
18:07:17 **** Incremental Build of configuration Debug for project gpio ****
make pre-build main-build 
a9-linaro-pre-build-step
' '
make: Nothing to be done for 'main-build'.
18:08:22 **** Auto Build of configuration Debug for project gpio ****
make pre-build main-build 
a9-linaro-pre-build-step
' '
'Building file: ../src/helloworld.c'
'Invoking: ARM v7 gcc compiler'
arm-none-eabi-gcc -Wall -O0 -g3 -c -fmessage-length=0 -MT"src/helloworld.o" -mcpu=cortex-a9 -mfpu=vfpv3 -mfloat-abi=hard -I../../gpio_bsp/ps7_cortexa9_0/include -MMD -MP -MF"src/helloworld.d" -MT"src/helloworld.o" -o "src/helloworld.o" "../src/helloworld.c"
'Finished building: ../src/helloworld.c'
' '
'Building target: gpio.elf'
'Invoking: ARM v7 gcc linker'
arm-none-eabi-gcc -mcpu=cortex-a9 -mfpu=vfpv3 -mfloat-abi=hard -Wl,-build-id=none -specs=Xilinx.spec -Wl,-T -Wl,../src/lscript.ld -L../../gpio_bsp/ps7_cortexa9_0/lib -o "gpio.elf"  ./src/helloworld.o ./src/platform.o   -Wl,--start-group,-lxil,-lgcc,-lc,--end-group
'Finished building target: gpio.elf'
' '
'Invoking: ARM v7 Print Size'
arm-none-eabi-size gpio.elf  |tee "gpio.elf.size"
   text	   data	    bss	    dec	    hex	filename
  29208	   1160	  22616	  52984	   cef8	gpio.elf
'Finished building: gpio.elf.size'
' '
18:08:34 **** Auto Build of configuration Debug for project gpio ****
make pre-build main-build 
a9-linaro-pre-build-step
' '
'Building file: ../src/helloworld.c'
'Invoking: ARM v7 gcc compiler'
arm-none-eabi-gcc -Wall -O0 -g3 -c -fmessage-length=0 -MT"src/helloworld.o" -mcpu=cortex-a9 -mfpu=vfpv3 -mfloat-abi=hard -I../../gpio_bsp/ps7_cortexa9_0/include -MMD -MP -MF"src/helloworld.d" -MT"src/helloworld.o" -o "src/helloworld.o" "../src/helloworld.c"
'Finished building: ../src/helloworld.c'
' '
'Building target: gpio.elf'
'Invoking: ARM v7 gcc linker'
arm-none-eabi-gcc -mcpu=cortex-a9 -mfpu=vfpv3 -mfloat-abi=hard -Wl,-build-id=none -specs=Xilinx.spec -Wl,-T -Wl,../src/lscript.ld -L../../gpio_bsp/ps7_cortexa9_0/lib -o "gpio.elf"  ./src/helloworld.o ./src/platform.o   -Wl,--start-group,-lxil,-lgcc,-lc,--end-group
'Finished building target: gpio.elf'
' '
'Invoking: ARM v7 Print Size'
arm-none-eabi-size gpio.elf  |tee "gpio.elf.size"
   text	   data	    bss	    dec	    hex	filename
  29208	   1160	  22616	  52984	   cef8	gpio.elf
'Finished building: gpio.elf.size'
' '
18:08:35 **** Incremental Build of configuration Debug for project gpio ****
make pre-build main-build 
a9-linaro-pre-build-step
' '
make: Nothing to be done for 'main-build'.
18:09:41 **** Incremental Build of configuration Debug for project gpio ****
make pre-build main-build 
a9-linaro-pre-build-step
' '
make: Nothing to be done for 'main-build'.
18:10:58 **** Incremental Build of configuration Debug for project gpio ****
make pre-build main-build 
a9-linaro-pre-build-step
' '
'Building file: ../src/helloworld.c'
'Invoking: ARM v7 gcc compiler'
arm-none-eabi-gcc -Wall -O0 -g3 -c -fmessage-length=0 -MT"src/helloworld.o" -mcpu=cortex-a9 -mfpu=vfpv3 -mfloat-abi=hard -I../../gpio_bsp/ps7_cortexa9_0/include -MMD -MP -MF"src/helloworld.d" -MT"src/helloworld.o" -o "src/helloworld.o" "../src/helloworld.c"
../src/helloworld.c: In function 'main':
../src/helloworld.c:18:3: error: 'Bank' undeclared (first use in this function)
   Bank=254, PinNumber=254;
   ^~~~
../src/helloworld.c:18:3: note: each undeclared identifier is reported only once for each function it appears in
../src/helloworld.c:18:13: error: 'PinNumber' undeclared (first use in this function)
   Bank=254, PinNumber=254;
             ^~~~~~~~~
../src/helloworld.c:18:11: warning: left-hand operand of comma expression has no effect [-Wunused-value]
   Bank=254, PinNumber=254;
           ^
make: *** [src/subdir.mk:26: src/helloworld.o] Error 1
18:11:09 **** Auto Build of configuration Debug for project gpio ****
make pre-build main-build 
a9-linaro-pre-build-step
' '
'Building file: ../src/helloworld.c'
'Invoking: ARM v7 gcc compiler'
arm-none-eabi-gcc -Wall -O0 -g3 -c -fmessage-length=0 -MT"src/helloworld.o" -mcpu=cortex-a9 -mfpu=vfpv3 -mfloat-abi=hard -I../../gpio_bsp/ps7_cortexa9_0/include -MMD -MP -MF"src/helloworld.d" -MT"src/helloworld.o" -o "src/helloworld.o" "../src/helloworld.c"
'Finished building: ../src/helloworld.c'
' '
'Building target: gpio.elf'
'Invoking: ARM v7 gcc linker'
arm-none-eabi-gcc -mcpu=cortex-a9 -mfpu=vfpv3 -mfloat-abi=hard -Wl,-build-id=none -specs=Xilinx.spec -Wl,-T -Wl,../src/lscript.ld -L../../gpio_bsp/ps7_cortexa9_0/lib -o "gpio.elf"  ./src/helloworld.o ./src/platform.o   -Wl,--start-group,-lxil,-lgcc,-lc,--end-group
'Finished building target: gpio.elf'
' '
'Invoking: ARM v7 Print Size'
arm-none-eabi-size gpio.elf  |tee "gpio.elf.size"
   text	   data	    bss	    dec	    hex	filename
  29272	   1160	  22616	  53048	   cf38	gpio.elf
'Finished building: gpio.elf.size'
' '
18:11:11 **** Incremental Build of configuration Debug for project gpio ****
make pre-build main-build 
a9-linaro-pre-build-step
' '
make: Nothing to be done for 'main-build'.
18:12:19 **** Auto Build of configuration Debug for project gpio ****
make pre-build main-build 
a9-linaro-pre-build-step
' '
'Building file: ../src/helloworld.c'
'Invoking: ARM v7 gcc compiler'
arm-none-eabi-gcc -Wall -O0 -g3 -c -fmessage-length=0 -MT"src/helloworld.o" -mcpu=cortex-a9 -mfpu=vfpv3 -mfloat-abi=hard -I../../gpio_bsp/ps7_cortexa9_0/include -MMD -MP -MF"src/helloworld.d" -MT"src/helloworld.o" -o "src/helloworld.o" "../src/helloworld.c"
'Finished building: ../src/helloworld.c'
' '
'Building target: gpio.elf'
'Invoking: ARM v7 gcc linker'
arm-none-eabi-gcc -mcpu=cortex-a9 -mfpu=vfpv3 -mfloat-abi=hard -Wl,-build-id=none -specs=Xilinx.spec -Wl,-T -Wl,../src/lscript.ld -L../../gpio_bsp/ps7_cortexa9_0/lib -o "gpio.elf"  ./src/helloworld.o ./src/platform.o   -Wl,--start-group,-lxil,-lgcc,-lc,--end-group
'Finished building target: gpio.elf'
' '
'Invoking: ARM v7 Print Size'
arm-none-eabi-size gpio.elf  |tee "gpio.elf.size"
   text	   data	    bss	    dec	    hex	filename
  29272	   1160	  22616	  53048	   cf38	gpio.elf
'Finished building: gpio.elf.size'
' '
18:15:42 **** Incremental Build of configuration Debug for project gpio ****
make pre-build main-build 
a9-linaro-pre-build-step
' '
make: Nothing to be done for 'main-build'.
18:20:27 **** Auto Build of configuration Debug for project gpio ****
make pre-build main-build 
a9-linaro-pre-build-step
' '
'Building file: ../src/helloworld.c'
'Invoking: ARM v7 gcc compiler'
arm-none-eabi-gcc -Wall -O0 -g3 -c -fmessage-length=0 -MT"src/helloworld.o" -mcpu=cortex-a9 -mfpu=vfpv3 -mfloat-abi=hard -I../../gpio_bsp/ps7_cortexa9_0/include -MMD -MP -MF"src/helloworld.d" -MT"src/helloworld.o" -o "src/helloworld.o" "../src/helloworld.c"
In file included from ../../gpio_bsp/ps7_cortexa9_0/include/xgpiops.h:120:0,
                 from ../src/helloworld.c:4:
../src/helloworld.c: In function 'main':
../src/helloworld.c:20:25: error: 'InstancePtr' undeclared (first use in this function)
   u32 a=XGpioPs_ReadReg(InstancePtr->GpioConfig.BaseAddr,((u32)(Bank)*XGPIOPS_REG_MASK_OFFSET)+XGPIOPS_DIRM_OFFSET);
                         ^
../../gpio_bsp/ps7_cortexa9_0/include/xgpiops_hw.h:132:13: note: in definition of macro 'XGpioPs_ReadReg'
   Xil_In32((BaseAddr) + (u32)(RegOffset))
             ^~~~~~~~
../src/helloworld.c:20:25: note: each undeclared identifier is reported only once for each function it appears in
   u32 a=XGpioPs_ReadReg(InstancePtr->GpioConfig.BaseAddr,((u32)(Bank)*XGPIOPS_REG_MASK_OFFSET)+XGPIOPS_DIRM_OFFSET);
                         ^
../../gpio_bsp/ps7_cortexa9_0/include/xgpiops_hw.h:132:13: note: in definition of macro 'XGpioPs_ReadReg'
   Xil_In32((BaseAddr) + (u32)(RegOffset))
             ^~~~~~~~
make: *** [src/subdir.mk:26: src/helloworld.o] Error 1
18:21:32 **** Auto Build of configuration Debug for project gpio ****
make pre-build main-build 
a9-linaro-pre-build-step
' '
'Building file: ../src/helloworld.c'
'Invoking: ARM v7 gcc compiler'
arm-none-eabi-gcc -Wall -O0 -g3 -c -fmessage-length=0 -MT"src/helloworld.o" -mcpu=cortex-a9 -mfpu=vfpv3 -mfloat-abi=hard -I../../gpio_bsp/ps7_cortexa9_0/include -MMD -MP -MF"src/helloworld.d" -MT"src/helloworld.o" -o "src/helloworld.o" "../src/helloworld.c"
In file included from ../../gpio_bsp/ps7_cortexa9_0/include/xgpiops.h:120:0,
                 from ../src/helloworld.c:4:
../src/helloworld.c: In function 'main':
../src/helloworld.c:20:30: error: invalid type argument of '->' (have 'XGpioPs {aka struct <anonymous>}')
   u32 a=XGpioPs_ReadReg(&gpio->GpioConfig.BaseAddr,((u32)(Bank)*XGPIOPS_REG_MASK_OFFSET)+XGPIOPS_DIRM_OFFSET);
                              ^
../../gpio_bsp/ps7_cortexa9_0/include/xgpiops_hw.h:132:13: note: in definition of macro 'XGpioPs_ReadReg'
   Xil_In32((BaseAddr) + (u32)(RegOffset))
             ^~~~~~~~
../src/helloworld.c:21:9: error: 'InstancePtr' undeclared (first use in this function)
   u32 b=InstancePtr->GpioConfig.BaseAddr+((u32)(Bank)*XGPIOPS_REG_MASK_OFFSET)+XGPIOPS_DIRM_OFFSET;
         ^~~~~~~~~~~
../src/helloworld.c:21:9: note: each undeclared identifier is reported only once for each function it appears in
make: *** [src/subdir.mk:26: src/helloworld.o] Error 1
18:21:38 **** Auto Build of configuration Debug for project gpio ****
make pre-build main-build 
a9-linaro-pre-build-step
' '
'Building file: ../src/helloworld.c'
'Invoking: ARM v7 gcc compiler'
arm-none-eabi-gcc -Wall -O0 -g3 -c -fmessage-length=0 -MT"src/helloworld.o" -mcpu=cortex-a9 -mfpu=vfpv3 -mfloat-abi=hard -I../../gpio_bsp/ps7_cortexa9_0/include -MMD -MP -MF"src/helloworld.d" -MT"src/helloworld.o" -o "src/helloworld.o" "../src/helloworld.c"
In file included from ../../gpio_bsp/ps7_cortexa9_0/include/xgpiops.h:120:0,
                 from ../src/helloworld.c:4:
../src/helloworld.c: In function 'main':
../src/helloworld.c:20:29: error: invalid type argument of '->' (have 'XGpioPs {aka struct <anonymous>}')
   u32 a=XGpioPs_ReadReg(gpio->GpioConfig.BaseAddr,((u32)(Bank)*XGPIOPS_REG_MASK_OFFSET)+XGPIOPS_DIRM_OFFSET);
                             ^
../../gpio_bsp/ps7_cortexa9_0/include/xgpiops_hw.h:132:13: note: in definition of macro 'XGpioPs_ReadReg'
   Xil_In32((BaseAddr) + (u32)(RegOffset))
             ^~~~~~~~
../src/helloworld.c:21:9: error: 'InstancePtr' undeclared (first use in this function)
   u32 b=InstancePtr->GpioConfig.BaseAddr+((u32)(Bank)*XGPIOPS_REG_MASK_OFFSET)+XGPIOPS_DIRM_OFFSET;
         ^~~~~~~~~~~
../src/helloworld.c:21:9: note: each undeclared identifier is reported only once for each function it appears in
make: *** [src/subdir.mk:26: src/helloworld.o] Error 1
18:21:44 **** Auto Build of configuration Debug for project gpio ****
make pre-build main-build 
a9-linaro-pre-build-step
' '
'Building file: ../src/helloworld.c'
'Invoking: ARM v7 gcc compiler'
arm-none-eabi-gcc -Wall -O0 -g3 -c -fmessage-length=0 -MT"src/helloworld.o" -mcpu=cortex-a9 -mfpu=vfpv3 -mfloat-abi=hard -I../../gpio_bsp/ps7_cortexa9_0/include -MMD -MP -MF"src/helloworld.d" -MT"src/helloworld.o" -o "src/helloworld.o" "../src/helloworld.c"
../src/helloworld.c: In function 'main':
../src/helloworld.c:21:9: error: 'InstancePtr' undeclared (first use in this function)
   u32 b=InstancePtr->GpioConfig.BaseAddr+((u32)(Bank)*XGPIOPS_REG_MASK_OFFSET)+XGPIOPS_DIRM_OFFSET;
         ^~~~~~~~~~~
../src/helloworld.c:21:9: note: each undeclared identifier is reported only once for each function it appears in
make: *** [src/subdir.mk:26: src/helloworld.o] Error 1
18:21:54 **** Auto Build of configuration Debug for project gpio ****
make pre-build main-build 
a9-linaro-pre-build-step
' '
'Building file: ../src/helloworld.c'
'Invoking: ARM v7 gcc compiler'
arm-none-eabi-gcc -Wall -O0 -g3 -c -fmessage-length=0 -MT"src/helloworld.o" -mcpu=cortex-a9 -mfpu=vfpv3 -mfloat-abi=hard -I../../gpio_bsp/ps7_cortexa9_0/include -MMD -MP -MF"src/helloworld.d" -MT"src/helloworld.o" -o "src/helloworld.o" "../src/helloworld.c"
../src/helloworld.c: In function 'main':
../src/helloworld.c:21:13: error: 'XGpioPs {aka struct <anonymous>}' has no member named 'BaseAddr'
   u32 b=gpio.BaseAddr+((u32)(Bank)*XGPIOPS_REG_MASK_OFFSET)+XGPIOPS_DIRM_OFFSET;
             ^
make: *** [src/subdir.mk:26: src/helloworld.o] Error 1
18:23:46 **** Auto Build of configuration Debug for project gpio ****
make pre-build main-build 
a9-linaro-pre-build-step
' '
'Building file: ../src/helloworld.c'
'Invoking: ARM v7 gcc compiler'
arm-none-eabi-gcc -Wall -O0 -g3 -c -fmessage-length=0 -MT"src/helloworld.o" -mcpu=cortex-a9 -mfpu=vfpv3 -mfloat-abi=hard -I../../gpio_bsp/ps7_cortexa9_0/include -MMD -MP -MF"src/helloworld.d" -MT"src/helloworld.o" -o "src/helloworld.o" "../src/helloworld.c"
'Finished building: ../src/helloworld.c'
' '
'Building target: gpio.elf'
'Invoking: ARM v7 gcc linker'
arm-none-eabi-gcc -mcpu=cortex-a9 -mfpu=vfpv3 -mfloat-abi=hard -Wl,-build-id=none -specs=Xilinx.spec -Wl,-T -Wl,../src/lscript.ld -L../../gpio_bsp/ps7_cortexa9_0/lib -o "gpio.elf"  ./src/helloworld.o ./src/platform.o   -Wl,--start-group,-lxil,-lgcc,-lc,--end-group
'Finished building target: gpio.elf'
' '
'Invoking: ARM v7 Print Size'
arm-none-eabi-size gpio.elf  |tee "gpio.elf.size"
   text	   data	    bss	    dec	    hex	filename
  29420	   1160	  22616	  53196	   cfcc	gpio.elf
'Finished building: gpio.elf.size'
' '
18:23:51 **** Incremental Build of configuration Debug for project gpio ****
make pre-build main-build 
a9-linaro-pre-build-step
' '
make: Nothing to be done for 'main-build'.
18:30:15 **** Auto Build of configuration Debug for project gpio ****
make pre-build main-build 
a9-linaro-pre-build-step
' '
'Building file: ../src/helloworld.c'
'Invoking: ARM v7 gcc compiler'
arm-none-eabi-gcc -Wall -O0 -g3 -c -fmessage-length=0 -MT"src/helloworld.o" -mcpu=cortex-a9 -mfpu=vfpv3 -mfloat-abi=hard -I../../gpio_bsp/ps7_cortexa9_0/include -MMD -MP -MF"src/helloworld.d" -MT"src/helloworld.o" -o "src/helloworld.o" "../src/helloworld.c"
../src/helloworld.c: In function 'main':
../src/helloworld.c:21:13: error: invalid type argument of '->' (have 'XGpioPs {aka struct <anonymous>}')
   u32 a=gpio->GpioConfig.BaseAddr+((u32)(Bank)*XGPIOPS_REG_MASK_OFFSET)+XGPIOPS_OUTEN_OFFSET;
             ^~
make: *** [src/subdir.mk:26: src/helloworld.o] Error 1
18:30:35 **** Auto Build of configuration Debug for project gpio ****
make pre-build main-build 
a9-linaro-pre-build-step
' '
'Building file: ../src/helloworld.c'
'Invoking: ARM v7 gcc compiler'
arm-none-eabi-gcc -Wall -O0 -g3 -c -fmessage-length=0 -MT"src/helloworld.o" -mcpu=cortex-a9 -mfpu=vfpv3 -mfloat-abi=hard -I../../gpio_bsp/ps7_cortexa9_0/include -MMD -MP -MF"src/helloworld.d" -MT"src/helloworld.o" -o "src/helloworld.o" "../src/helloworld.c"
../src/helloworld.c: In function 'main':
../src/helloworld.c:20:46: error: expected ')' before '*' token
   u32 a=gpio.GpioConfig.BaseAddr,((u32)(Bank)*XGPIOPS_REG_MASK_OFFSET)+XGPIOPS_DIRM_OFFSET;
                                              ^
../src/helloworld.c:22:13: error: invalid type argument of '->' (have 'XGpioPs {aka struct <anonymous>}')
   u32 c=gpio->GpioConfig.BaseAddr+((u32)(Bank)*XGPIOPS_REG_MASK_OFFSET)+XGPIOPS_OUTEN_OFFSET;
             ^~
../src/helloworld.c:22:7: warning: unused variable 'c' [-Wunused-variable]
   u32 c=gpio->GpioConfig.BaseAddr+((u32)(Bank)*XGPIOPS_REG_MASK_OFFSET)+XGPIOPS_OUTEN_OFFSET;
       ^
make: *** [src/subdir.mk:26: src/helloworld.o] Error 1
18:30:42 **** Auto Build of configuration Debug for project gpio ****
make pre-build main-build 
a9-linaro-pre-build-step
' '
'Building file: ../src/helloworld.c'
'Invoking: ARM v7 gcc compiler'
arm-none-eabi-gcc -Wall -O0 -g3 -c -fmessage-length=0 -MT"src/helloworld.o" -mcpu=cortex-a9 -mfpu=vfpv3 -mfloat-abi=hard -I../../gpio_bsp/ps7_cortexa9_0/include -MMD -MP -MF"src/helloworld.d" -MT"src/helloworld.o" -o "src/helloworld.o" "../src/helloworld.c"
../src/helloworld.c: In function 'main':
../src/helloworld.c:22:13: error: invalid type argument of '->' (have 'XGpioPs {aka struct <anonymous>}')
   u32 c=gpio->GpioConfig.BaseAddr+((u32)(Bank)*XGPIOPS_REG_MASK_OFFSET)+XGPIOPS_OUTEN_OFFSET;
             ^~
../src/helloworld.c:22:7: warning: unused variable 'c' [-Wunused-variable]
   u32 c=gpio->GpioConfig.BaseAddr+((u32)(Bank)*XGPIOPS_REG_MASK_OFFSET)+XGPIOPS_OUTEN_OFFSET;
       ^
make: *** [src/subdir.mk:26: src/helloworld.o] Error 1
18:30:59 **** Auto Build of configuration Debug for project gpio ****
make pre-build main-build 
a9-linaro-pre-build-step
' '
'Building file: ../src/helloworld.c'
'Invoking: ARM v7 gcc compiler'
arm-none-eabi-gcc -Wall -O0 -g3 -c -fmessage-length=0 -MT"src/helloworld.o" -mcpu=cortex-a9 -mfpu=vfpv3 -mfloat-abi=hard -I../../gpio_bsp/ps7_cortexa9_0/include -MMD -MP -MF"src/helloworld.d" -MT"src/helloworld.o" -o "src/helloworld.o" "../src/helloworld.c"
../src/helloworld.c: In function 'main':
../src/helloworld.c:22:7: warning: unused variable 'c' [-Wunused-variable]
   u32 c=gpio.GpioConfig.BaseAddr+((u32)(Bank)*XGPIOPS_REG_MASK_OFFSET)+XGPIOPS_OUTEN_OFFSET;
       ^
'Finished building: ../src/helloworld.c'
' '
'Building target: gpio.elf'
'Invoking: ARM v7 gcc linker'
arm-none-eabi-gcc -mcpu=cortex-a9 -mfpu=vfpv3 -mfloat-abi=hard -Wl,-build-id=none -specs=Xilinx.spec -Wl,-T -Wl,../src/lscript.ld -L../../gpio_bsp/ps7_cortexa9_0/lib -o "gpio.elf"  ./src/helloworld.o ./src/platform.o   -Wl,--start-group,-lxil,-lgcc,-lc,--end-group
'Finished building target: gpio.elf'
' '
'Invoking: ARM v7 Print Size'
arm-none-eabi-size gpio.elf  |tee "gpio.elf.size"
   text	   data	    bss	    dec	    hex	filename
  29420	   1160	  22616	  53196	   cfcc	gpio.elf
'Finished building: gpio.elf.size'
' '
18:31:14 **** Auto Build of configuration Debug for project gpio ****
make pre-build main-build 
a9-linaro-pre-build-step
' '
'Building file: ../src/helloworld.c'
'Invoking: ARM v7 gcc compiler'
arm-none-eabi-gcc -Wall -O0 -g3 -c -fmessage-length=0 -MT"src/helloworld.o" -mcpu=cortex-a9 -mfpu=vfpv3 -mfloat-abi=hard -I../../gpio_bsp/ps7_cortexa9_0/include -MMD -MP -MF"src/helloworld.d" -MT"src/helloworld.o" -o "src/helloworld.o" "../src/helloworld.c"
'Finished building: ../src/helloworld.c'
' '
'Building target: gpio.elf'
'Invoking: ARM v7 gcc linker'
arm-none-eabi-gcc -mcpu=cortex-a9 -mfpu=vfpv3 -mfloat-abi=hard -Wl,-build-id=none -specs=Xilinx.spec -Wl,-T -Wl,../src/lscript.ld -L../../gpio_bsp/ps7_cortexa9_0/lib -o "gpio.elf"  ./src/helloworld.o ./src/platform.o   -Wl,--start-group,-lxil,-lgcc,-lc,--end-group
'Finished building target: gpio.elf'
' '
'Invoking: ARM v7 Print Size'
arm-none-eabi-size gpio.elf  |tee "gpio.elf.size"
   text	   data	    bss	    dec	    hex	filename
  29428	   1160	  22616	  53204	   cfd4	gpio.elf
'Finished building: gpio.elf.size'
' '
18:31:16 **** Incremental Build of configuration Debug for project gpio ****
make pre-build main-build 
a9-linaro-pre-build-step
' '
make: Nothing to be done for 'main-build'.
18:34:45 **** Auto Build of configuration Debug for project gpio ****
make pre-build main-build 
a9-linaro-pre-build-step
' '
'Building file: ../src/helloworld.c'
'Invoking: ARM v7 gcc compiler'
arm-none-eabi-gcc -Wall -O0 -g3 -c -fmessage-length=0 -MT"src/helloworld.o" -mcpu=cortex-a9 -mfpu=vfpv3 -mfloat-abi=hard -I../../gpio_bsp/ps7_cortexa9_0/include -MMD -MP -MF"src/helloworld.d" -MT"src/helloworld.o" -o "src/helloworld.o" "../src/helloworld.c"
../src/helloworld.c: In function 'main':
../src/helloworld.c:22:7: error: redefinition of 'b'
   u32 b=gpio.GpioConfig.BaseAddr+((u32)(Bank) * XGPIOPS_DATA_MASK_OFFSET)+RegOffset;
       ^
../src/helloworld.c:21:7: note: previous definition of 'b' was here
   u32 b=gpio.GpioConfig.BaseAddr+((u32)(Bank)*XGPIOPS_REG_MASK_OFFSET)+XGPIOPS_OUTEN_OFFSET;
       ^
../src/helloworld.c:22:75: error: 'RegOffset' undeclared (first use in this function)
   u32 b=gpio.GpioConfig.BaseAddr+((u32)(Bank) * XGPIOPS_DATA_MASK_OFFSET)+RegOffset;
                                                                           ^~~~~~~~~
../src/helloworld.c:22:75: note: each undeclared identifier is reported only once for each function it appears in
../src/helloworld.c:25:106: error: 'c' undeclared (first use in this function)
   xil_printf("Pin=%d    Bank=%d    PinNumber=%d    a=%x     b=%x     c=%x\r\n",Pin, Bank, PinNumber,a ,b,c);
                                                                                                          ^
make: *** [src/subdir.mk:26: src/helloworld.o] Error 1
18:34:50 **** Auto Build of configuration Debug for project gpio ****
make pre-build main-build 
a9-linaro-pre-build-step
' '
'Building file: ../src/helloworld.c'
'Invoking: ARM v7 gcc compiler'
arm-none-eabi-gcc -Wall -O0 -g3 -c -fmessage-length=0 -MT"src/helloworld.o" -mcpu=cortex-a9 -mfpu=vfpv3 -mfloat-abi=hard -I../../gpio_bsp/ps7_cortexa9_0/include -MMD -MP -MF"src/helloworld.d" -MT"src/helloworld.o" -o "src/helloworld.o" "../src/helloworld.c"
../src/helloworld.c: In function 'main':
../src/helloworld.c:22:75: error: 'RegOffset' undeclared (first use in this function)
   u32 c=gpio.GpioConfig.BaseAddr+((u32)(Bank) * XGPIOPS_DATA_MASK_OFFSET)+RegOffset;
                                                                           ^~~~~~~~~
../src/helloworld.c:22:75: note: each undeclared identifier is reported only once for each function it appears in
make: *** [src/subdir.mk:26: src/helloworld.o] Error 1
18:34:58 **** Auto Build of configuration Debug for project gpio ****
make pre-build main-build 
a9-linaro-pre-build-step
' '
'Building file: ../src/helloworld.c'
'Invoking: ARM v7 gcc compiler'
arm-none-eabi-gcc -Wall -O0 -g3 -c -fmessage-length=0 -MT"src/helloworld.o" -mcpu=cortex-a9 -mfpu=vfpv3 -mfloat-abi=hard -I../../gpio_bsp/ps7_cortexa9_0/include -MMD -MP -MF"src/helloworld.d" -MT"src/helloworld.o" -o "src/helloworld.o" "../src/helloworld.c"
../src/helloworld.c: In function 'main':
../src/helloworld.c:22:73: error: 'RegOffset' undeclared (first use in this function)
   u32 c=gpio.GpioConfig.BaseAddr+((u32)(Bank)*XGPIOPS_DATA_MASK_OFFSET)+RegOffset;
                                                                         ^~~~~~~~~
../src/helloworld.c:22:73: note: each undeclared identifier is reported only once for each function it appears in
make: *** [src/subdir.mk:26: src/helloworld.o] Error 1
18:36:03 **** Auto Build of configuration Debug for project gpio ****
make pre-build main-build 
a9-linaro-pre-build-step
' '
'Building file: ../src/helloworld.c'
'Invoking: ARM v7 gcc compiler'
arm-none-eabi-gcc -Wall -O0 -g3 -c -fmessage-length=0 -MT"src/helloworld.o" -mcpu=cortex-a9 -mfpu=vfpv3 -mfloat-abi=hard -I../../gpio_bsp/ps7_cortexa9_0/include -MMD -MP -MF"src/helloworld.d" -MT"src/helloworld.o" -o "src/helloworld.o" "../src/helloworld.c"
../src/helloworld.c: In function 'main':
../src/helloworld.c:22:46: error: 'RegOffset' undeclared (first use in this function)
   if (PinNumber > 15U) {PinNumber -= (u8)16, RegOffset = XGPIOPS_DATA_MSW_OFFSET;} else {RegOffset = XGPIOPS_DATA_LSW_OFFSET;}
                                              ^~~~~~~~~
../src/helloworld.c:22:46: note: each undeclared identifier is reported only once for each function it appears in
make: *** [src/subdir.mk:26: src/helloworld.o] Error 1
18:36:10 **** Auto Build of configuration Debug for project gpio ****
make pre-build main-build 
a9-linaro-pre-build-step
' '
'Building file: ../src/helloworld.c'
'Invoking: ARM v7 gcc compiler'
arm-none-eabi-gcc -Wall -O0 -g3 -c -fmessage-length=0 -MT"src/helloworld.o" -mcpu=cortex-a9 -mfpu=vfpv3 -mfloat-abi=hard -I../../gpio_bsp/ps7_cortexa9_0/include -MMD -MP -MF"src/helloworld.d" -MT"src/helloworld.o" -o "src/helloworld.o" "../src/helloworld.c"
'Finished building: ../src/helloworld.c'
' '
'Building target: gpio.elf'
'Invoking: ARM v7 gcc linker'
arm-none-eabi-gcc -mcpu=cortex-a9 -mfpu=vfpv3 -mfloat-abi=hard -Wl,-build-id=none -specs=Xilinx.spec -Wl,-T -Wl,../src/lscript.ld -L../../gpio_bsp/ps7_cortexa9_0/lib -o "gpio.elf"  ./src/helloworld.o ./src/platform.o   -Wl,--start-group,-lxil,-lgcc,-lc,--end-group
'Finished building target: gpio.elf'
' '
'Invoking: ARM v7 Print Size'
arm-none-eabi-size gpio.elf  |tee "gpio.elf.size"
   text	   data	    bss	    dec	    hex	filename
  29492	   1160	  22616	  53268	   d014	gpio.elf
'Finished building: gpio.elf.size'
' '
18:36:17 **** Auto Build of configuration Debug for project gpio ****
make pre-build main-build 
a9-linaro-pre-build-step
' '
'Building file: ../src/helloworld.c'
'Invoking: ARM v7 gcc compiler'
arm-none-eabi-gcc -Wall -O0 -g3 -c -fmessage-length=0 -MT"src/helloworld.o" -mcpu=cortex-a9 -mfpu=vfpv3 -mfloat-abi=hard -I../../gpio_bsp/ps7_cortexa9_0/include -MMD -MP -MF"src/helloworld.d" -MT"src/helloworld.o" -o "src/helloworld.o" "../src/helloworld.c"
'Finished building: ../src/helloworld.c'
' '
'Building target: gpio.elf'
'Invoking: ARM v7 gcc linker'
arm-none-eabi-gcc -mcpu=cortex-a9 -mfpu=vfpv3 -mfloat-abi=hard -Wl,-build-id=none -specs=Xilinx.spec -Wl,-T -Wl,../src/lscript.ld -L../../gpio_bsp/ps7_cortexa9_0/lib -o "gpio.elf"  ./src/helloworld.o ./src/platform.o   -Wl,--start-group,-lxil,-lgcc,-lc,--end-group
'Finished building target: gpio.elf'
' '
'Invoking: ARM v7 Print Size'
arm-none-eabi-size gpio.elf  |tee "gpio.elf.size"
   text	   data	    bss	    dec	    hex	filename
  29492	   1160	  22616	  53268	   d014	gpio.elf
'Finished building: gpio.elf.size'
' '
18:36:26 **** Incremental Build of configuration Debug for project gpio ****
make pre-build main-build 
a9-linaro-pre-build-step
' '
make: Nothing to be done for 'main-build'.
18:37:38 **** Auto Build of configuration Debug for project gpio ****
make pre-build main-build 
a9-linaro-pre-build-step
' '
'Building file: ../src/helloworld.c'
'Invoking: ARM v7 gcc compiler'
arm-none-eabi-gcc -Wall -O0 -g3 -c -fmessage-length=0 -MT"src/helloworld.o" -mcpu=cortex-a9 -mfpu=vfpv3 -mfloat-abi=hard -I../../gpio_bsp/ps7_cortexa9_0/include -MMD -MP -MF"src/helloworld.d" -MT"src/helloworld.o" -o "src/helloworld.o" "../src/helloworld.c"
'Finished building: ../src/helloworld.c'
' '
'Building target: gpio.elf'
'Invoking: ARM v7 gcc linker'
arm-none-eabi-gcc -mcpu=cortex-a9 -mfpu=vfpv3 -mfloat-abi=hard -Wl,-build-id=none -specs=Xilinx.spec -Wl,-T -Wl,../src/lscript.ld -L../../gpio_bsp/ps7_cortexa9_0/lib -o "gpio.elf"  ./src/helloworld.o ./src/platform.o   -Wl,--start-group,-lxil,-lgcc,-lc,--end-group
'Finished building target: gpio.elf'
' '
'Invoking: ARM v7 Print Size'
arm-none-eabi-size gpio.elf  |tee "gpio.elf.size"
   text	   data	    bss	    dec	    hex	filename
  29428	   1160	  22616	  53204	   cfd4	gpio.elf
'Finished building: gpio.elf.size'
' '
18:39:23 **** Auto Build of configuration Debug for project gpio ****
make pre-build main-build 
a9-linaro-pre-build-step
' '
'Building file: ../src/helloworld.c'
'Invoking: ARM v7 gcc compiler'
arm-none-eabi-gcc -Wall -O0 -g3 -c -fmessage-length=0 -MT"src/helloworld.o" -mcpu=cortex-a9 -mfpu=vfpv3 -mfloat-abi=hard -I../../gpio_bsp/ps7_cortexa9_0/include -MMD -MP -MF"src/helloworld.d" -MT"src/helloworld.o" -o "src/helloworld.o" "../src/helloworld.c"
'Finished building: ../src/helloworld.c'
' '
'Building target: gpio.elf'
'Invoking: ARM v7 gcc linker'
arm-none-eabi-gcc -mcpu=cortex-a9 -mfpu=vfpv3 -mfloat-abi=hard -Wl,-build-id=none -specs=Xilinx.spec -Wl,-T -Wl,../src/lscript.ld -L../../gpio_bsp/ps7_cortexa9_0/lib -o "gpio.elf"  ./src/helloworld.o ./src/platform.o   -Wl,--start-group,-lxil,-lgcc,-lc,--end-group
'Finished building target: gpio.elf'
' '
'Invoking: ARM v7 Print Size'
arm-none-eabi-size gpio.elf  |tee "gpio.elf.size"
   text	   data	    bss	    dec	    hex	filename
  29420	   1160	  22616	  53196	   cfcc	gpio.elf
'Finished building: gpio.elf.size'
' '
18:39:27 **** Incremental Build of configuration Debug for project gpio ****
make pre-build main-build 
a9-linaro-pre-build-step
' '
make: Nothing to be done for 'main-build'.
18:40:22 **** Auto Build of configuration Debug for project gpio ****
make pre-build main-build 
a9-linaro-pre-build-step
' '
'Building file: ../src/helloworld.c'
'Invoking: ARM v7 gcc compiler'
arm-none-eabi-gcc -Wall -O0 -g3 -c -fmessage-length=0 -MT"src/helloworld.o" -mcpu=cortex-a9 -mfpu=vfpv3 -mfloat-abi=hard -I../../gpio_bsp/ps7_cortexa9_0/include -MMD -MP -MF"src/helloworld.d" -MT"src/helloworld.o" -o "src/helloworld.o" "../src/helloworld.c"
'Finished building: ../src/helloworld.c'
' '
'Building target: gpio.elf'
'Invoking: ARM v7 gcc linker'
arm-none-eabi-gcc -mcpu=cortex-a9 -mfpu=vfpv3 -mfloat-abi=hard -Wl,-build-id=none -specs=Xilinx.spec -Wl,-T -Wl,../src/lscript.ld -L../../gpio_bsp/ps7_cortexa9_0/lib -o "gpio.elf"  ./src/helloworld.o ./src/platform.o   -Wl,--start-group,-lxil,-lgcc,-lc,--end-group
'Finished building target: gpio.elf'
' '
'Invoking: ARM v7 Print Size'
arm-none-eabi-size gpio.elf  |tee "gpio.elf.size"
   text	   data	    bss	    dec	    hex	filename
  29420	   1160	  22616	  53196	   cfcc	gpio.elf
'Finished building: gpio.elf.size'
' '
18:40:33 **** Auto Build of configuration Debug for project gpio ****
make pre-build main-build 
a9-linaro-pre-build-step
' '
'Building file: ../src/helloworld.c'
'Invoking: ARM v7 gcc compiler'
arm-none-eabi-gcc -Wall -O0 -g3 -c -fmessage-length=0 -MT"src/helloworld.o" -mcpu=cortex-a9 -mfpu=vfpv3 -mfloat-abi=hard -I../../gpio_bsp/ps7_cortexa9_0/include -MMD -MP -MF"src/helloworld.d" -MT"src/helloworld.o" -o "src/helloworld.o" "../src/helloworld.c"
'Finished building: ../src/helloworld.c'
' '
'Building target: gpio.elf'
'Invoking: ARM v7 gcc linker'
arm-none-eabi-gcc -mcpu=cortex-a9 -mfpu=vfpv3 -mfloat-abi=hard -Wl,-build-id=none -specs=Xilinx.spec -Wl,-T -Wl,../src/lscript.ld -L../../gpio_bsp/ps7_cortexa9_0/lib -o "gpio.elf"  ./src/helloworld.o ./src/platform.o   -Wl,--start-group,-lxil,-lgcc,-lc,--end-group
'Finished building target: gpio.elf'
' '
'Invoking: ARM v7 Print Size'
arm-none-eabi-size gpio.elf  |tee "gpio.elf.size"
   text	   data	    bss	    dec	    hex	filename
  29432	   1160	  22616	  53208	   cfd8	gpio.elf
'Finished building: gpio.elf.size'
' '
18:40:39 **** Auto Build of configuration Debug for project gpio ****
make pre-build main-build 
a9-linaro-pre-build-step
' '
'Building file: ../src/helloworld.c'
'Invoking: ARM v7 gcc compiler'
arm-none-eabi-gcc -Wall -O0 -g3 -c -fmessage-length=0 -MT"src/helloworld.o" -mcpu=cortex-a9 -mfpu=vfpv3 -mfloat-abi=hard -I../../gpio_bsp/ps7_cortexa9_0/include -MMD -MP -MF"src/helloworld.d" -MT"src/helloworld.o" -o "src/helloworld.o" "../src/helloworld.c"
'Finished building: ../src/helloworld.c'
' '
'Building target: gpio.elf'
'Invoking: ARM v7 gcc linker'
arm-none-eabi-gcc -mcpu=cortex-a9 -mfpu=vfpv3 -mfloat-abi=hard -Wl,-build-id=none -specs=Xilinx.spec -Wl,-T -Wl,../src/lscript.ld -L../../gpio_bsp/ps7_cortexa9_0/lib -o "gpio.elf"  ./src/helloworld.o ./src/platform.o   -Wl,--start-group,-lxil,-lgcc,-lc,--end-group
'Finished building target: gpio.elf'
' '
'Invoking: ARM v7 Print Size'
arm-none-eabi-size gpio.elf  |tee "gpio.elf.size"
   text	   data	    bss	    dec	    hex	filename
  29432	   1160	  22616	  53208	   cfd8	gpio.elf
'Finished building: gpio.elf.size'
' '
18:40:40 **** Incremental Build of configuration Debug for project gpio ****
make pre-build main-build 
a9-linaro-pre-build-step
' '
make: Nothing to be done for 'main-build'.
18:42:24 **** Auto Build of configuration Debug for project gpio ****
make pre-build main-build 
a9-linaro-pre-build-step
' '
'Building file: ../src/helloworld.c'
'Invoking: ARM v7 gcc compiler'
arm-none-eabi-gcc -Wall -O0 -g3 -c -fmessage-length=0 -MT"src/helloworld.o" -mcpu=cortex-a9 -mfpu=vfpv3 -mfloat-abi=hard -I../../gpio_bsp/ps7_cortexa9_0/include -MMD -MP -MF"src/helloworld.d" -MT"src/helloworld.o" -o "src/helloworld.o" "../src/helloworld.c"
../src/helloworld.c: In function 'main':
../src/helloworld.c:23:21: error: 'PinNumberTemp' undeclared (first use in this function); did you mean 'PinNumber'?
   if (PinNumber>15){PinNumberTemp=PinNumber-16; RegOffset = XGPIOPS_DATA_MSW_OFFSET;}else{inNumberTemp=PinNumber; RegOffset = XGPIOPS_DATA_LSW_OFFSET;}
                     ^~~~~~~~~~~~~
                     PinNumber
../src/helloworld.c:23:21: note: each undeclared identifier is reported only once for each function it appears in
../src/helloworld.c:23:91: error: 'inNumberTemp' undeclared (first use in this function); did you mean 'PinNumberTemp'?
   if (PinNumber>15){PinNumberTemp=PinNumber-16; RegOffset = XGPIOPS_DATA_MSW_OFFSET;}else{inNumberTemp=PinNumber; RegOffset = XGPIOPS_DATA_LSW_OFFSET;}
                                                                                           ^~~~~~~~~~~~
                                                                                           PinNumberTemp
../src/helloworld.c:24:3: error: 'Value' undeclared (first use in this function); did you mean '_glue'?
   Value = ~((u32)1 << (PinNumber + 16U)) & ((DataVar << PinNumber) | 0xFFFF0000U);
   ^~~~~
   _glue
../src/helloworld.c:24:46: error: 'DataVar' undeclared (first use in this function)
   Value = ~((u32)1 << (PinNumber + 16U)) & ((DataVar << PinNumber) | 0xFFFF0000U);
                                              ^~~~~~~
make: *** [src/subdir.mk:26: src/helloworld.o] Error 1
18:42:36 **** Auto Build of configuration Debug for project gpio ****
make pre-build main-build 
a9-linaro-pre-build-step
' '
'Building file: ../src/helloworld.c'
'Invoking: ARM v7 gcc compiler'
arm-none-eabi-gcc -Wall -O0 -g3 -c -fmessage-length=0 -MT"src/helloworld.o" -mcpu=cortex-a9 -mfpu=vfpv3 -mfloat-abi=hard -I../../gpio_bsp/ps7_cortexa9_0/include -MMD -MP -MF"src/helloworld.d" -MT"src/helloworld.o" -o "src/helloworld.o" "../src/helloworld.c"
../src/helloworld.c: In function 'main':
../src/helloworld.c:23:91: error: 'inNumberTemp' undeclared (first use in this function); did you mean 'PinNumberTemp'?
   if (PinNumber>15){PinNumberTemp=PinNumber-16; RegOffset = XGPIOPS_DATA_MSW_OFFSET;}else{inNumberTemp=PinNumber; RegOffset = XGPIOPS_DATA_LSW_OFFSET;}
                                                                                           ^~~~~~~~~~~~
                                                                                           PinNumberTemp
../src/helloworld.c:23:91: note: each undeclared identifier is reported only once for each function it appears in
../src/helloworld.c:24:3: error: 'Value' undeclared (first use in this function); did you mean '_glue'?
   Value = ~((u32)1 << (PinNumber + 16U)) & ((DataVar << PinNumber) | 0xFFFF0000U);
   ^~~~~
   _glue
../src/helloworld.c:24:46: error: 'DataVar' undeclared (first use in this function)
   Value = ~((u32)1 << (PinNumber + 16U)) & ((DataVar << PinNumber) | 0xFFFF0000U);
                                              ^~~~~~~
../src/helloworld.c:18:31: warning: variable 'PinNumberTemp' set but not used [-Wunused-but-set-variable]
   u8 Bank=254, PinNumber=254, PinNumberTemp;
                               ^~~~~~~~~~~~~
make: *** [src/subdir.mk:26: src/helloworld.o] Error 1
18:42:50 **** Auto Build of configuration Debug for project gpio ****
make pre-build main-build 
a9-linaro-pre-build-step
' '
'Building file: ../src/helloworld.c'
'Invoking: ARM v7 gcc compiler'
arm-none-eabi-gcc -Wall -O0 -g3 -c -fmessage-length=0 -MT"src/helloworld.o" -mcpu=cortex-a9 -mfpu=vfpv3 -mfloat-abi=hard -I../../gpio_bsp/ps7_cortexa9_0/include -MMD -MP -MF"src/helloworld.d" -MT"src/helloworld.o" -o "src/helloworld.o" "../src/helloworld.c"
../src/helloworld.c: In function 'main':
../src/helloworld.c:24:3: error: 'Value' undeclared (first use in this function); did you mean '_glue'?
   Value = ~((u32)1 << (PinNumber + 16U)) & ((DataVar << PinNumber) | 0xFFFF0000U);
   ^~~~~
   _glue
../src/helloworld.c:24:3: note: each undeclared identifier is reported only once for each function it appears in
../src/helloworld.c:24:46: error: 'DataVar' undeclared (first use in this function)
   Value = ~((u32)1 << (PinNumber + 16U)) & ((DataVar << PinNumber) | 0xFFFF0000U);
                                              ^~~~~~~
../src/helloworld.c:18:31: warning: variable 'PinNumberTemp' set but not used [-Wunused-but-set-variable]
   u8 Bank=254, PinNumber=254, PinNumberTemp;
                               ^~~~~~~~~~~~~
make: *** [src/subdir.mk:26: src/helloworld.o] Error 1
18:42:57 **** Auto Build of configuration Debug for project gpio ****
make pre-build main-build 
a9-linaro-pre-build-step
' '
'Building file: ../src/helloworld.c'
'Invoking: ARM v7 gcc compiler'
arm-none-eabi-gcc -Wall -O0 -g3 -c -fmessage-length=0 -MT"src/helloworld.o" -mcpu=cortex-a9 -mfpu=vfpv3 -mfloat-abi=hard -I../../gpio_bsp/ps7_cortexa9_0/include -MMD -MP -MF"src/helloworld.d" -MT"src/helloworld.o" -o "src/helloworld.o" "../src/helloworld.c"
../src/helloworld.c: In function 'main':
../src/helloworld.c:24:3: error: 'Value' undeclared (first use in this function); did you mean '_glue'?
   Value = ~((u32)1 << (PinNumberTemp + 16U)) & ((DataVar << PinNumberTemp) | 0xFFFF0000U);
   ^~~~~
   _glue
../src/helloworld.c:24:3: note: each undeclared identifier is reported only once for each function it appears in
../src/helloworld.c:24:50: error: 'DataVar' undeclared (first use in this function)
   Value = ~((u32)1 << (PinNumberTemp + 16U)) & ((DataVar << PinNumberTemp) | 0xFFFF0000U);
                                                  ^~~~~~~
make: *** [src/subdir.mk:26: src/helloworld.o] Error 1
18:43:10 **** Auto Build of configuration Debug for project gpio ****
make pre-build main-build 
a9-linaro-pre-build-step
' '
'Building file: ../src/helloworld.c'
'Invoking: ARM v7 gcc compiler'
arm-none-eabi-gcc -Wall -O0 -g3 -c -fmessage-length=0 -MT"src/helloworld.o" -mcpu=cortex-a9 -mfpu=vfpv3 -mfloat-abi=hard -I../../gpio_bsp/ps7_cortexa9_0/include -MMD -MP -MF"src/helloworld.d" -MT"src/helloworld.o" -o "src/helloworld.o" "../src/helloworld.c"
../src/helloworld.c: In function 'main':
../src/helloworld.c:24:50: error: 'DataVar' undeclared (first use in this function)
   Value = ~((u32)1 << (PinNumberTemp + 16U)) & ((DataVar << PinNumberTemp) | 0xFFFF0000U);
                                                  ^~~~~~~
../src/helloworld.c:24:50: note: each undeclared identifier is reported only once for each function it appears in
../src/helloworld.c:19:18: warning: variable 'Value' set but not used [-Wunused-but-set-variable]
   u32 RegOffset, Value;
                  ^~~~~
make: *** [src/subdir.mk:26: src/helloworld.o] Error 1
18:43:23 **** Auto Build of configuration Debug for project gpio ****
make pre-build main-build 
a9-linaro-pre-build-step
' '
'Building file: ../src/helloworld.c'
'Invoking: ARM v7 gcc compiler'
arm-none-eabi-gcc -Wall -O0 -g3 -c -fmessage-length=0 -MT"src/helloworld.o" -mcpu=cortex-a9 -mfpu=vfpv3 -mfloat-abi=hard -I../../gpio_bsp/ps7_cortexa9_0/include -MMD -MP -MF"src/helloworld.d" -MT"src/helloworld.o" -o "src/helloworld.o" "../src/helloworld.c"
../src/helloworld.c: In function 'main':
../src/helloworld.c:24:50: error: 'DataVar' undeclared (first use in this function)
   Value = ~((u32)1 << (PinNumberTemp + 16U)) & ((DataVar << PinNumberTemp) | 0xFFFF0000U);
                                                  ^~~~~~~
../src/helloworld.c:24:50: note: each undeclared identifier is reported only once for each function it appears in
../src/helloworld.c:19:18: warning: variable 'Value' set but not used [-Wunused-but-set-variable]
   u32 RegOffset, Value;
                  ^~~~~
make: *** [src/subdir.mk:26: src/helloworld.o] Error 1
18:44:23 **** Auto Build of configuration Debug for project gpio ****
make pre-build main-build 
a9-linaro-pre-build-step
' '
'Building file: ../src/helloworld.c'
'Invoking: ARM v7 gcc compiler'
arm-none-eabi-gcc -Wall -O0 -g3 -c -fmessage-length=0 -MT"src/helloworld.o" -mcpu=cortex-a9 -mfpu=vfpv3 -mfloat-abi=hard -I../../gpio_bsp/ps7_cortexa9_0/include -MMD -MP -MF"src/helloworld.d" -MT"src/helloworld.o" -o "src/helloworld.o" "../src/helloworld.c"
../src/helloworld.c: In function 'main':
../src/helloworld.c:19:18: warning: variable 'Value' set but not used [-Wunused-but-set-variable]
   u32 RegOffset, Value;
                  ^~~~~
'Finished building: ../src/helloworld.c'
' '
'Building target: gpio.elf'
'Invoking: ARM v7 gcc linker'
arm-none-eabi-gcc -mcpu=cortex-a9 -mfpu=vfpv3 -mfloat-abi=hard -Wl,-build-id=none -specs=Xilinx.spec -Wl,-T -Wl,../src/lscript.ld -L../../gpio_bsp/ps7_cortexa9_0/lib -o "gpio.elf"  ./src/helloworld.o ./src/platform.o   -Wl,--start-group,-lxil,-lgcc,-lc,--end-group
'Finished building target: gpio.elf'
' '
'Invoking: ARM v7 Print Size'
arm-none-eabi-size gpio.elf  |tee "gpio.elf.size"
   text	   data	    bss	    dec	    hex	filename
  29496	   1160	  22616	  53272	   d018	gpio.elf
'Finished building: gpio.elf.size'
' '
18:44:34 **** Auto Build of configuration Debug for project gpio ****
make pre-build main-build 
a9-linaro-pre-build-step
' '
'Building file: ../src/helloworld.c'
'Invoking: ARM v7 gcc compiler'
arm-none-eabi-gcc -Wall -O0 -g3 -c -fmessage-length=0 -MT"src/helloworld.o" -mcpu=cortex-a9 -mfpu=vfpv3 -mfloat-abi=hard -I../../gpio_bsp/ps7_cortexa9_0/include -MMD -MP -MF"src/helloworld.d" -MT"src/helloworld.o" -o "src/helloworld.o" "../src/helloworld.c"
../src/helloworld.c: In function 'main':
../src/helloworld.c:24:3: error: 'Value0' undeclared (first use in this function); did you mean 'Value'?
   Value0 = ~((u32)1 << (PinNumberTemp + 16U)) & ((0 << PinNumberTemp) | 0xFFFF0000U);
   ^~~~~~
   Value
../src/helloworld.c:24:3: note: each undeclared identifier is reported only once for each function it appears in
../src/helloworld.c:25:3: error: 'Value1' undeclared (first use in this function); did you mean 'Value'?
   Value1 = ~((u32)1 << (PinNumberTemp + 16U)) & ((1 << PinNumberTemp) | 0xFFFF0000U);
   ^~~~~~
   Value
../src/helloworld.c:19:18: warning: unused variable 'Value' [-Wunused-variable]
   u32 RegOffset, Value;
                  ^~~~~
make: *** [src/subdir.mk:26: src/helloworld.o] Error 1
18:44:40 **** Auto Build of configuration Debug for project gpio ****
make pre-build main-build 
a9-linaro-pre-build-step
' '
'Building file: ../src/helloworld.c'
'Invoking: ARM v7 gcc compiler'
arm-none-eabi-gcc -Wall -O0 -g3 -c -fmessage-length=0 -MT"src/helloworld.o" -mcpu=cortex-a9 -mfpu=vfpv3 -mfloat-abi=hard -I../../gpio_bsp/ps7_cortexa9_0/include -MMD -MP -MF"src/helloworld.d" -MT"src/helloworld.o" -o "src/helloworld.o" "../src/helloworld.c"
../src/helloworld.c: In function 'main':
../src/helloworld.c:19:26: warning: variable 'Value1' set but not used [-Wunused-but-set-variable]
   u32 RegOffset, Value0, Value1;
                          ^~~~~~
../src/helloworld.c:19:18: warning: variable 'Value0' set but not used [-Wunused-but-set-variable]
   u32 RegOffset, Value0, Value1;
                  ^~~~~~
'Finished building: ../src/helloworld.c'
' '
'Building target: gpio.elf'
'Invoking: ARM v7 gcc linker'
arm-none-eabi-gcc -mcpu=cortex-a9 -mfpu=vfpv3 -mfloat-abi=hard -Wl,-build-id=none -specs=Xilinx.spec -Wl,-T -Wl,../src/lscript.ld -L../../gpio_bsp/ps7_cortexa9_0/lib -o "gpio.elf"  ./src/helloworld.o ./src/platform.o   -Wl,--start-group,-lxil,-lgcc,-lc,--end-group
'Finished building target: gpio.elf'
' '
'Invoking: ARM v7 Print Size'
arm-none-eabi-size gpio.elf  |tee "gpio.elf.size"
   text	   data	    bss	    dec	    hex	filename
  29560	   1160	  22616	  53336	   d058	gpio.elf
'Finished building: gpio.elf.size'
' '
18:44:56 **** Auto Build of configuration Debug for project gpio ****
make pre-build main-build 
a9-linaro-pre-build-step
' '
'Building file: ../src/helloworld.c'
'Invoking: ARM v7 gcc compiler'
arm-none-eabi-gcc -Wall -O0 -g3 -c -fmessage-length=0 -MT"src/helloworld.o" -mcpu=cortex-a9 -mfpu=vfpv3 -mfloat-abi=hard -I../../gpio_bsp/ps7_cortexa9_0/include -MMD -MP -MF"src/helloworld.d" -MT"src/helloworld.o" -o "src/helloworld.o" "../src/helloworld.c"
../src/helloworld.c: In function 'main':
../src/helloworld.c:19:26: warning: variable 'Value1' set but not used [-Wunused-but-set-variable]
   u32 RegOffset, Value0, Value1;
                          ^~~~~~
../src/helloworld.c:19:18: warning: variable 'Value0' set but not used [-Wunused-but-set-variable]
   u32 RegOffset, Value0, Value1;
                  ^~~~~~
'Finished building: ../src/helloworld.c'
' '
'Building target: gpio.elf'
'Invoking: ARM v7 gcc linker'
arm-none-eabi-gcc -mcpu=cortex-a9 -mfpu=vfpv3 -mfloat-abi=hard -Wl,-build-id=none -specs=Xilinx.spec -Wl,-T -Wl,../src/lscript.ld -L../../gpio_bsp/ps7_cortexa9_0/lib -o "gpio.elf"  ./src/helloworld.o ./src/platform.o   -Wl,--start-group,-lxil,-lgcc,-lc,--end-group
'Finished building target: gpio.elf'
' '
'Invoking: ARM v7 Print Size'
arm-none-eabi-size gpio.elf  |tee "gpio.elf.size"
   text	   data	    bss	    dec	    hex	filename
  29588	   1160	  22616	  53364	   d074	gpio.elf
'Finished building: gpio.elf.size'
' '
18:45:04 **** Auto Build of configuration Debug for project gpio ****
make pre-build main-build 
a9-linaro-pre-build-step
' '
'Building file: ../src/helloworld.c'
'Invoking: ARM v7 gcc compiler'
arm-none-eabi-gcc -Wall -O0 -g3 -c -fmessage-length=0 -MT"src/helloworld.o" -mcpu=cortex-a9 -mfpu=vfpv3 -mfloat-abi=hard -I../../gpio_bsp/ps7_cortexa9_0/include -MMD -MP -MF"src/helloworld.d" -MT"src/helloworld.o" -o "src/helloworld.o" "../src/helloworld.c"
'Finished building: ../src/helloworld.c'
' '
'Building target: gpio.elf'
'Invoking: ARM v7 gcc linker'
arm-none-eabi-gcc -mcpu=cortex-a9 -mfpu=vfpv3 -mfloat-abi=hard -Wl,-build-id=none -specs=Xilinx.spec -Wl,-T -Wl,../src/lscript.ld -L../../gpio_bsp/ps7_cortexa9_0/lib -o "gpio.elf"  ./src/helloworld.o ./src/platform.o   -Wl,--start-group,-lxil,-lgcc,-lc,--end-group
'Finished building target: gpio.elf'
' '
'Invoking: ARM v7 Print Size'
arm-none-eabi-size gpio.elf  |tee "gpio.elf.size"
   text	   data	    bss	    dec	    hex	filename
  29588	   1160	  22616	  53364	   d074	gpio.elf
'Finished building: gpio.elf.size'
' '
18:45:07 **** Incremental Build of configuration Debug for project gpio ****
make pre-build main-build 
a9-linaro-pre-build-step
' '
make: Nothing to be done for 'main-build'.
18:45:37 **** Incremental Build of configuration Debug for project gpio ****
make pre-build main-build 
a9-linaro-pre-build-step
' '
'Building file: ../src/helloworld.c'
'Invoking: ARM v7 gcc compiler'
arm-none-eabi-gcc -Wall -O0 -g3 -c -fmessage-length=0 -MT"src/helloworld.o" -mcpu=cortex-a9 -mfpu=vfpv3 -mfloat-abi=hard -I../../gpio_bsp/ps7_cortexa9_0/include -MMD -MP -MF"src/helloworld.d" -MT"src/helloworld.o" -o "src/helloworld.o" "../src/helloworld.c"
'Finished building: ../src/helloworld.c'
' '
'Building target: gpio.elf'
'Invoking: ARM v7 gcc linker'
arm-none-eabi-gcc -mcpu=cortex-a9 -mfpu=vfpv3 -mfloat-abi=hard -Wl,-build-id=none -specs=Xilinx.spec -Wl,-T -Wl,../src/lscript.ld -L../../gpio_bsp/ps7_cortexa9_0/lib -o "gpio.elf"  ./src/helloworld.o ./src/platform.o   -Wl,--start-group,-lxil,-lgcc,-lc,--end-group
'Finished building target: gpio.elf'
' '
'Invoking: ARM v7 Print Size'
arm-none-eabi-size gpio.elf  |tee "gpio.elf.size"
   text	   data	    bss	    dec	    hex	filename
  29588	   1160	  22616	  53364	   d074	gpio.elf
'Finished building: gpio.elf.size'
' '
18:48:28 **** Auto Build of configuration Debug for project gpio ****
make pre-build main-build 
a9-linaro-pre-build-step
' '
'Building file: ../src/helloworld.c'
'Invoking: ARM v7 gcc compiler'
arm-none-eabi-gcc -Wall -O0 -g3 -c -fmessage-length=0 -MT"src/helloworld.o" -mcpu=cortex-a9 -mfpu=vfpv3 -mfloat-abi=hard -I../../gpio_bsp/ps7_cortexa9_0/include -MMD -MP -MF"src/helloworld.d" -MT"src/helloworld.o" -o "src/helloworld.o" "../src/helloworld.c"
../src/helloworld.c: In function 'main':
../src/helloworld.c:27:3: error: 'InstancePtr' undeclared (first use in this function)
   InstancePtr->GpioConfig.BaseAddr,
   ^~~~~~~~~~~
../src/helloworld.c:27:3: note: each undeclared identifier is reported only once for each function it appears in
../src/helloworld.c:27:35: warning: left-hand operand of comma expression has no effect [-Wunused-value]
   InstancePtr->GpioConfig.BaseAddr,
                                   ^
../src/helloworld.c:27:35: warning: statement with no effect [-Wunused-value]
../src/helloworld.c:29:30: error: expected ';' before ')' token
        XGPIOPS_DATA_RO_OFFSET)
                              ^
../src/helloworld.c:29:30: error: expected statement before ')' token
../src/helloworld.c:37:2: error: too few arguments to function 'XGpioPs_ReadPin'
  XGpioPs_ReadPin()(&gpio, 54, 1);
  ^~~~~~~~~~~~~~~
In file included from ../src/helloworld.c:4:0:
../../gpio_bsp/ps7_cortexa9_0/include/xgpiops.h:231:5: note: declared here
 u32 XGpioPs_ReadPin(XGpioPs *InstancePtr, u32 Pin);
     ^~~~~~~~~~~~~~~
make: *** [src/subdir.mk:26: src/helloworld.o] Error 1
18:48:51 **** Auto Build of configuration Debug for project gpio ****
make pre-build main-build 
a9-linaro-pre-build-step
' '
'Building file: ../src/helloworld.c'
'Invoking: ARM v7 gcc compiler'
arm-none-eabi-gcc -Wall -O0 -g3 -c -fmessage-length=0 -MT"src/helloworld.o" -mcpu=cortex-a9 -mfpu=vfpv3 -mfloat-abi=hard -I../../gpio_bsp/ps7_cortexa9_0/include -MMD -MP -MF"src/helloworld.d" -MT"src/helloworld.o" -o "src/helloworld.o" "../src/helloworld.c"
../src/helloworld.c: In function 'main':
../src/helloworld.c:26:104: error: expected ',' or ';' before ')' token
   u32 Read_Pin=gpio.GpioConfig.BaseAddr+((u32)(Bank) * XGPIOPS_DATA_BANK_OFFSET)+XGPIOPS_DATA_RO_OFFSET);
                                                                                                        ^
../src/helloworld.c:34:2: error: too few arguments to function 'XGpioPs_ReadPin'
  XGpioPs_ReadPin()(&gpio, 54, 1);
  ^~~~~~~~~~~~~~~
In file included from ../src/helloworld.c:4:0:
../../gpio_bsp/ps7_cortexa9_0/include/xgpiops.h:231:5: note: declared here
 u32 XGpioPs_ReadPin(XGpioPs *InstancePtr, u32 Pin);
     ^~~~~~~~~~~~~~~
make: *** [src/subdir.mk:26: src/helloworld.o] Error 1
18:49:08 **** Auto Build of configuration Debug for project gpio ****
make pre-build main-build 
a9-linaro-pre-build-step
' '
'Building file: ../src/helloworld.c'
'Invoking: ARM v7 gcc compiler'
arm-none-eabi-gcc -Wall -O0 -g3 -c -fmessage-length=0 -MT"src/helloworld.o" -mcpu=cortex-a9 -mfpu=vfpv3 -mfloat-abi=hard -I../../gpio_bsp/ps7_cortexa9_0/include -MMD -MP -MF"src/helloworld.d" -MT"src/helloworld.o" -o "src/helloworld.o" "../src/helloworld.c"
../src/helloworld.c: In function 'main':
../src/helloworld.c:34:2: error: too few arguments to function 'XGpioPs_ReadPin'
  XGpioPs_ReadPin()(&gpio, 54, 1);
  ^~~~~~~~~~~~~~~
In file included from ../src/helloworld.c:4:0:
../../gpio_bsp/ps7_cortexa9_0/include/xgpiops.h:231:5: note: declared here
 u32 XGpioPs_ReadPin(XGpioPs *InstancePtr, u32 Pin);
     ^~~~~~~~~~~~~~~
make: *** [src/subdir.mk:26: src/helloworld.o] Error 1
18:49:20 **** Auto Build of configuration Debug for project gpio ****
make pre-build main-build 
a9-linaro-pre-build-step
' '
'Building file: ../src/helloworld.c'
'Invoking: ARM v7 gcc compiler'
arm-none-eabi-gcc -Wall -O0 -g3 -c -fmessage-length=0 -MT"src/helloworld.o" -mcpu=cortex-a9 -mfpu=vfpv3 -mfloat-abi=hard -I../../gpio_bsp/ps7_cortexa9_0/include -MMD -MP -MF"src/helloworld.d" -MT"src/helloworld.o" -o "src/helloworld.o" "../src/helloworld.c"
'Finished building: ../src/helloworld.c'
' '
'Building target: gpio.elf'
'Invoking: ARM v7 gcc linker'
arm-none-eabi-gcc -mcpu=cortex-a9 -mfpu=vfpv3 -mfloat-abi=hard -Wl,-build-id=none -specs=Xilinx.spec -Wl,-T -Wl,../src/lscript.ld -L../../gpio_bsp/ps7_cortexa9_0/lib -o "gpio.elf"  ./src/helloworld.o ./src/platform.o   -Wl,--start-group,-lxil,-lgcc,-lc,--end-group
'Finished building target: gpio.elf'
' '
'Invoking: ARM v7 Print Size'
arm-none-eabi-size gpio.elf  |tee "gpio.elf.size"
   text	   data	    bss	    dec	    hex	filename
  29612	   1160	  22616	  53388	   d08c	gpio.elf
'Finished building: gpio.elf.size'
' '
18:49:23 **** Incremental Build of configuration Debug for project gpio ****
make pre-build main-build 
a9-linaro-pre-build-step
' '
make: Nothing to be done for 'main-build'.
18:52:44 **** Auto Build of configuration Debug for project gpio ****
make pre-build main-build 
a9-linaro-pre-build-step
' '
'Building file: ../src/helloworld.c'
'Invoking: ARM v7 gcc compiler'
arm-none-eabi-gcc -Wall -O0 -g3 -c -fmessage-length=0 -MT"src/helloworld.o" -mcpu=cortex-a9 -mfpu=vfpv3 -mfloat-abi=hard -I../../gpio_bsp/ps7_cortexa9_0/include -MMD -MP -MF"src/helloworld.d" -MT"src/helloworld.o" -o "src/helloworld.o" "../src/helloworld.c"
'Finished building: ../src/helloworld.c'
' '
'Building target: gpio.elf'
'Invoking: ARM v7 gcc linker'
arm-none-eabi-gcc -mcpu=cortex-a9 -mfpu=vfpv3 -mfloat-abi=hard -Wl,-build-id=none -specs=Xilinx.spec -Wl,-T -Wl,../src/lscript.ld -L../../gpio_bsp/ps7_cortexa9_0/lib -o "gpio.elf"  ./src/helloworld.o ./src/platform.o   -Wl,--start-group,-lxil,-lgcc,-lc,--end-group
'Finished building target: gpio.elf'
' '
'Invoking: ARM v7 Print Size'
arm-none-eabi-size gpio.elf  |tee "gpio.elf.size"
   text	   data	    bss	    dec	    hex	filename
  29632	   1160	  22616	  53408	   d0a0	gpio.elf
'Finished building: gpio.elf.size'
' '
18:53:06 **** Auto Build of configuration Debug for project gpio ****
[...]
../src/helloworld.c: In function 'main':
../src/helloworld.c:27:53: error: 'Data' undeclared (first use in this function)
   xil_printf("%d,%d,%x,%x,%x,%d,%x,%x,%x,\r\n", Pin,Data[Pin][0],Data[Pin][1],Data[Pin][2],Bank, DIR ,DIR__EN,PORT,PinNumber, Value0, Value1,Read_Pin);
                                                     ^~~~
../src/helloworld.c:27:53: note: each undeclared identifier is reported only once for each function it appears in
make: *** [src/subdir.mk:26: src/helloworld.o] Error 1
21:03:08 **** Auto Build of configuration Debug for project gpio ****
make pre-build main-build 
a9-linaro-pre-build-step
' '
'Building file: ../src/helloworld.c'
'Invoking: ARM v7 gcc compiler'
arm-none-eabi-gcc -Wall -O0 -g3 -c -fmessage-length=0 -MT"src/helloworld.o" -mcpu=cortex-a9 -mfpu=vfpv3 -mfloat-abi=hard -I../../gpio_bsp/ps7_cortexa9_0/include -MMD -MP -MF"src/helloworld.d" -MT"src/helloworld.o" -o "src/helloworld.o" "../src/helloworld.c"
'Finished building: ../src/helloworld.c'
' '
'Building target: gpio.elf'
'Invoking: ARM v7 gcc linker'
arm-none-eabi-gcc -mcpu=cortex-a9 -mfpu=vfpv3 -mfloat-abi=hard -Wl,-build-id=none -specs=Xilinx.spec -Wl,-T -Wl,../src/lscript.ld -L../../gpio_bsp/ps7_cortexa9_0/lib -o "gpio.elf"  ./src/helloworld.o ./src/platform.o   -Wl,--start-group,-lxil,-lgcc,-lc,--end-group
'Finished building target: gpio.elf'
' '
'Invoking: ARM v7 Print Size'
arm-none-eabi-size gpio.elf  |tee "gpio.elf.size"
   text	   data	    bss	    dec	    hex	filename
  29524	   1160	  22616	  53300	   d034	gpio.elf
'Finished building: gpio.elf.size'
' '
21:14:49 **** Incremental Build of configuration Debug for project gpio ****
make pre-build main-build 
a9-linaro-pre-build-step
' '
make: Nothing to be done for 'main-build'.
11:02:33 **** Incremental Build of configuration Debug for project gpio ****
make pre-build main-build 
a9-linaro-pre-build-step
' '
make: Nothing to be done for 'main-build'.
12:48:35 **** Incremental Build of configuration Debug for project gpio ****
make pre-build main-build 
a9-linaro-pre-build-step
' '
make: Nothing to be done for 'main-build'.
12:48:59 **** Incremental Build of configuration Debug for project gpio ****
make pre-build main-build 
a9-linaro-pre-build-step
' '
make: Nothing to be done for 'main-build'.
12:49:41 **** Incremental Build of configuration Debug for project gpio ****
make pre-build main-build 
a9-linaro-pre-build-step
' '
make: Nothing to be done for 'main-build'.
10:19:29 **** Incremental Build of configuration Debug for project gpio ****
make pre-build main-build 
a9-linaro-pre-build-step
' '
make: Nothing to be done for 'main-build'.
10:21:56 **** Auto Build of configuration Debug for project gpio ****
make pre-build main-build 
a9-linaro-pre-build-step
' '
'Building file: ../src/helloworld.c'
'Invoking: ARM v7 gcc compiler'
arm-none-eabi-gcc -Wall -O0 -g3 -c -fmessage-length=0 -MT"src/helloworld.o" -mcpu=cortex-a9 -mfpu=vfpv3 -mfloat-abi=hard -I../../gpio_bsp/ps7_cortexa9_0/include -MMD -MP -MF"src/helloworld.d" -MT"src/helloworld.o" -o "src/helloworld.o" "../src/helloworld.c"
../src/helloworld.c: In function 'main':
../src/helloworld.c:17:3: error: 'pin' undeclared (first use in this function); did you mean 'main'?
   pin = 48;
   ^~~
   main
../src/helloworld.c:17:3: note: each undeclared identifier is reported only once for each function it appears in
../src/helloworld.c:20:22: error: 'Pin' undeclared (first use in this function); did you mean 'main'?
   XGpioPs_GetBankPin(Pin, &Bank, &PinNumber);
                      ^~~
                      main
make: *** [src/subdir.mk:26: src/helloworld.o] Error 1
10:22:06 **** Auto Build of configuration Debug for project gpio ****
make pre-build main-build 
a9-linaro-pre-build-step
' '
'Building file: ../src/helloworld.c'
'Invoking: ARM v7 gcc compiler'
arm-none-eabi-gcc -Wall -O0 -g3 -c -fmessage-length=0 -MT"src/helloworld.o" -mcpu=cortex-a9 -mfpu=vfpv3 -mfloat-abi=hard -I../../gpio_bsp/ps7_cortexa9_0/include -MMD -MP -MF"src/helloworld.d" -MT"src/helloworld.o" -o "src/helloworld.o" "../src/helloworld.c"
../src/helloworld.c: In function 'main':
../src/helloworld.c:20:22: error: 'Pin' undeclared (first use in this function); did you mean 'pin'?
   XGpioPs_GetBankPin(Pin, &Bank, &PinNumber);
                      ^~~
                      pin
../src/helloworld.c:20:22: note: each undeclared identifier is reported only once for each function it appears in
../src/helloworld.c:17:5: warning: unused variable 'pin' [-Wunused-variable]
  u8 pin = 48;
     ^~~
make: *** [src/subdir.mk:26: src/helloworld.o] Error 1
10:22:14 **** Auto Build of configuration Debug for project gpio ****
make pre-build main-build 
a9-linaro-pre-build-step
' '
'Building file: ../src/helloworld.c'
'Invoking: ARM v7 gcc compiler'
arm-none-eabi-gcc -Wall -O0 -g3 -c -fmessage-length=0 -MT"src/helloworld.o" -mcpu=cortex-a9 -mfpu=vfpv3 -mfloat-abi=hard -I../../gpio_bsp/ps7_cortexa9_0/include -MMD -MP -MF"src/helloworld.d" -MT"src/helloworld.o" -o "src/helloworld.o" "../src/helloworld.c"
'Finished building: ../src/helloworld.c'
' '
'Building target: gpio.elf'
'Invoking: ARM v7 gcc linker'
arm-none-eabi-gcc -mcpu=cortex-a9 -mfpu=vfpv3 -mfloat-abi=hard -Wl,-build-id=none -specs=Xilinx.spec -Wl,-T -Wl,../src/lscript.ld -L../../gpio_bsp/ps7_cortexa9_0/lib -o "gpio.elf"  ./src/helloworld.o ./src/platform.o   -Wl,--start-group,-lxil,-lgcc,-lc,--end-group
c:/xxxx/sdk/2019.1/gnu/aarch32/nt/gcc-arm-none-eabi/bin/../lib/gcc/arm-none-eabi/8.2.0/../../../../arm-none-eabi/bin/ld.exe: ../../gpio_bsp/ps7_cortexa9_0/lib\libxil.a(xil_printf.o): in function `getnum':
D:\All\Software\ZZ-Hardware\80-Vivado\01-PROJECT\GPIO_Generate\GPIO_Generate.sdk\gpio_bsp\ps7_cortexa9_0\libsrc\standalone_v6_8\src/xil_printf.c:211: undefined reference to `__ctype_ptr__'
c:/xxxx/sdk/2019.1/gnu/aarch32/nt/gcc-arm-none-eabi/bin/../lib/gcc/arm-none-eabi/8.2.0/../../../../arm-none-eabi/bin/ld.exe: D:\All\Software\ZZ-Hardware\80-Vivado\01-PROJECT\GPIO_Generate\GPIO_Generate.sdk\gpio_bsp\ps7_cortexa9_0\libsrc\standalone_v6_8\src/xil_printf.c:211: undefined reference to `__ctype_ptr__'
c:/xxxx/sdk/2019.1/gnu/aarch32/nt/gcc-arm-none-eabi/bin/../lib/gcc/arm-none-eabi/8.2.0/../../../../arm-none-eabi/bin/ld.exe: ../../gpio_bsp/ps7_cortexa9_0/lib\libxil.a(xil_printf.o): in function `xil_printf':
D:\All\Software\ZZ-Hardware\80-Vivado\01-PROJECT\GPIO_Generate\GPIO_Generate.sdk\gpio_bsp\ps7_cortexa9_0\libsrc\standalone_v6_8\src/xil_printf.c:299: undefined reference to `__ctype_ptr__'
c:/xxxx/sdk/2019.1/gnu/aarch32/nt/gcc-arm-none-eabi/bin/../lib/gcc/arm-none-eabi/8.2.0/../../../../arm-none-eabi/bin/ld.exe: D:\All\Software\ZZ-Hardware\80-Vivado\01-PROJECT\GPIO_Generate\GPIO_Generate.sdk\gpio_bsp\ps7_cortexa9_0\libsrc\standalone_v6_8\src/xil_printf.c:299: undefined reference to `__ctype_ptr__'
collect2.exe: error: ld returned 1 exit status
make: *** [makefile:41: gpio.elf] Error 1
10:22:18 **** Incremental Build of configuration Debug for project gpio ****
make pre-build main-build 
a9-linaro-pre-build-step
' '
'Building target: gpio.elf'
'Invoking: ARM v7 gcc linker'
arm-none-eabi-gcc -mcpu=cortex-a9 -mfpu=vfpv3 -mfloat-abi=hard -Wl,-build-id=none -specs=Xilinx.spec -Wl,-T -Wl,../src/lscript.ld -L../../gpio_bsp/ps7_cortexa9_0/lib -o "gpio.elf"  ./src/helloworld.o ./src/platform.o   -Wl,--start-group,-lxil,-lgcc,-lc,--end-group
c:/xxxx/sdk/2019.1/gnu/aarch32/nt/gcc-arm-none-eabi/bin/../lib/gcc/arm-none-eabi/8.2.0/../../../../arm-none-eabi/bin/ld.exe: ../../gpio_bsp/ps7_cortexa9_0/lib\libxil.a(xil_printf.o): in function `getnum':
D:\All\Software\ZZ-Hardware\80-Vivado\01-PROJECT\GPIO_Generate\GPIO_Generate.sdk\gpio_bsp\ps7_cortexa9_0\libsrc\standalone_v6_8\src/xil_printf.c:211: undefined reference to `__ctype_ptr__'
c:/xxxx/sdk/2019.1/gnu/aarch32/nt/gcc-arm-none-eabi/bin/../lib/gcc/arm-none-eabi/8.2.0/../../../../arm-none-eabi/bin/ld.exe: D:\All\Software\ZZ-Hardware\80-Vivado\01-PROJECT\GPIO_Generate\GPIO_Generate.sdk\gpio_bsp\ps7_cortexa9_0\libsrc\standalone_v6_8\src/xil_printf.c:211: undefined reference to `__ctype_ptr__'
c:/xxxx/sdk/2019.1/gnu/aarch32/nt/gcc-arm-none-eabi/bin/../lib/gcc/arm-none-eabi/8.2.0/../../../../arm-none-eabi/bin/ld.exe: ../../gpio_bsp/ps7_cortexa9_0/lib\libxil.a(xil_printf.o): in function `xil_printf':
D:\All\Software\ZZ-Hardware\80-Vivado\01-PROJECT\GPIO_Generate\GPIO_Generate.sdk\gpio_bsp\ps7_cortexa9_0\libsrc\standalone_v6_8\src/xil_printf.c:299: undefined reference to `__ctype_ptr__'
c:/xxxx/sdk/2019.1/gnu/aarch32/nt/gcc-arm-none-eabi/bin/../lib/gcc/arm-none-eabi/8.2.0/../../../../arm-none-eabi/bin/ld.exe: D:\All\Software\ZZ-Hardware\80-Vivado\01-PROJECT\GPIO_Generate\GPIO_Generate.sdk\gpio_bsp\ps7_cortexa9_0\libsrc\standalone_v6_8\src/xil_printf.c:299: undefined reference to `__ctype_ptr__'
collect2.exe: error: ld returned 1 exit status
make: *** [makefile:41: gpio.elf] Error 1
10:22:52 **** Auto Build of project gpio_bsp ****
make -k all 
"Running Make include in ps7_cortexa9_0/libsrc/coresightps_dcc_v1_4/src"
make -C ps7_cortexa9_0/libsrc/coresightps_dcc_v1_4/src -s include  "SHELL=CMD" "COMPILER=arm-none-eabi-gcc" "ARCHIVER=arm-none-eabi-ar" "COMPILER_FLAGS=  -O2 -c" "EXTRA_COMPILER_FLAGS=-mcpu=cortex-a9 -mfpu=vfpv3 -mfloat-abi=hard -nostartfiles -g -Wall -Wextra"
"Running Make include in ps7_cortexa9_0/libsrc/cpu_cortexa9_v2_7/src"
make -C ps7_cortexa9_0/libsrc/cpu_cortexa9_v2_7/src -s include  "SHELL=CMD" "COMPILER=arm-none-eabi-gcc" "ARCHIVER=arm-none-eabi-ar" "COMPILER_FLAGS=  -O2 -c" "EXTRA_COMPILER_FLAGS=-mcpu=cortex-a9 -mfpu=vfpv3 -mfloat-abi=hard -nostartfiles -g -Wall -Wextra"
"Running Make include in ps7_cortexa9_0/libsrc/ddrps_v1_0/src"
make -C ps7_cortexa9_0/libsrc/ddrps_v1_0/src -s include  "SHELL=CMD" "COMPILER=arm-none-eabi-gcc" "ARCHIVER=arm-none-eabi-ar" "COMPILER_FLAGS=  -O2 -c" "EXTRA_COMPILER_FLAGS=-mcpu=cortex-a9 -mfpu=vfpv3 -mfloat-abi=hard -nostartfiles -g -Wall -Wextra"
"Running Make include in ps7_cortexa9_0/libsrc/devcfg_v3_5/src"
make -C ps7_cortexa9_0/libsrc/devcfg_v3_5/src -s include  "SHELL=CMD" "COMPILER=arm-none-eabi-gcc" "ARCHIVER=arm-none-eabi-ar" "COMPILER_FLAGS=  -O2 -c" "EXTRA_COMPILER_FLAGS=-mcpu=cortex-a9 -mfpu=vfpv3 -mfloat-abi=hard -nostartfiles -g -Wall -Wextra"
"Running Make include in ps7_cortexa9_0/libsrc/dmaps_v2_4/src"
make -C ps7_cortexa9_0/libsrc/dmaps_v2_4/src -s include  "SHELL=CMD" "COMPILER=arm-none-eabi-gcc" "ARCHIVER=arm-none-eabi-ar" "COMPILER_FLAGS=  -O2 -c" "EXTRA_COMPILER_FLAGS=-mcpu=cortex-a9 -mfpu=vfpv3 -mfloat-abi=hard -nostartfiles -g -Wall -Wextra"
"Running Make include in ps7_cortexa9_0/libsrc/gpiops_v3_4/src"
make -C ps7_cortexa9_0/libsrc/gpiops_v3_4/src -s include  "SHELL=CMD" "COMPILER=arm-none-eabi-gcc" "ARCHIVER=arm-none-eabi-ar" "COMPILER_FLAGS=  -O2 -c" "EXTRA_COMPILER_FLAGS=-mcpu=cortex-a9 -mfpu=vfpv3 -mfloat-abi=hard -nostartfiles -g -Wall -Wextra"
"Running Make include in ps7_cortexa9_0/libsrc/qspips_v3_5/src"
make -C ps7_cortexa9_0/libsrc/qspips_v3_5/src -s include  "SHELL=CMD" "COMPILER=arm-none-eabi-gcc" "ARCHIVER=arm-none-eabi-ar" "COMPILER_FLAGS=  -O2 -c" "EXTRA_COMPILER_FLAGS=-mcpu=cortex-a9 -mfpu=vfpv3 -mfloat-abi=hard -nostartfiles -g -Wall -Wextra"
"Running Make include in ps7_cortexa9_0/libsrc/scugic_v3_10/src"
make -C ps7_cortexa9_0/libsrc/scugic_v3_10/src -s include  "SHELL=CMD" "COMPILER=arm-none-eabi-gcc" "ARCHIVER=arm-none-eabi-ar" "COMPILER_FLAGS=  -O2 -c" "EXTRA_COMPILER_FLAGS=-mcpu=cortex-a9 -mfpu=vfpv3 -mfloat-abi=hard -nostartfiles -g -Wall -Wextra"
"Running Make include in ps7_cortexa9_0/libsrc/scutimer_v2_1/src"
make -C ps7_cortexa9_0/libsrc/scutimer_v2_1/src -s include  "SHELL=CMD" "COMPILER=arm-none-eabi-gcc" "ARCHIVER=arm-none-eabi-ar" "COMPILER_FLAGS=  -O2 -c" "EXTRA_COMPILER_FLAGS=-mcpu=cortex-a9 -mfpu=vfpv3 -mfloat-abi=hard -nostartfiles -g -Wall -Wextra"
"Running Make include in ps7_cortexa9_0/libsrc/scuwdt_v2_1/src"
make -C ps7_cortexa9_0/libsrc/scuwdt_v2_1/src -s include  "SHELL=CMD" "COMPILER=arm-none-eabi-gcc" "ARCHIVER=arm-none-eabi-ar" "COMPILER_FLAGS=  -O2 -c" "EXTRA_COMPILER_FLAGS=-mcpu=cortex-a9 -mfpu=vfpv3 -mfloat-abi=hard -nostartfiles -g -Wall -Wextra"
"Running Make include in ps7_cortexa9_0/libsrc/standalone_v6_8/src"
make -C ps7_cortexa9_0/libsrc/standalone_v6_8/src -s include  "SHELL=CMD" "COMPILER=arm-none-eabi-gcc" "ARCHIVER=arm-none-eabi-ar" "COMPILER_FLAGS=  -O2 -c" "EXTRA_COMPILER_FLAGS=-mcpu=cortex-a9 -mfpu=vfpv3 -mfloat-abi=hard -nostartfiles -g -Wall -Wextra"
"Running Make include in ps7_cortexa9_0/libsrc/uartps_v3_7/src"
make -C ps7_cortexa9_0/libsrc/uartps_v3_7/src -s include  "SHELL=CMD" "COMPILER=arm-none-eabi-gcc" "ARCHIVER=arm-none-eabi-ar" "COMPILER_FLAGS=  -O2 -c" "EXTRA_COMPILER_FLAGS=-mcpu=cortex-a9 -mfpu=vfpv3 -mfloat-abi=hard -nostartfiles -g -Wall -Wextra"
"Running Make include in ps7_cortexa9_0/libsrc/xadcps_v2_3/src"
make -C ps7_cortexa9_0/libsrc/xadcps_v2_3/src -s include  "SHELL=CMD" "COMPILER=arm-none-eabi-gcc" "ARCHIVER=arm-none-eabi-ar" "COMPILER_FLAGS=  -O2 -c" "EXTRA_COMPILER_FLAGS=-mcpu=cortex-a9 -mfpu=vfpv3 -mfloat-abi=hard -nostartfiles -g -Wall -Wextra"
"Running Make libs in ps7_cortexa9_0/libsrc/coresightps_dcc_v1_4/src"
make -C ps7_cortexa9_0/libsrc/coresightps_dcc_v1_4/src -s libs  "SHELL=CMD" "COMPILER=arm-none-eabi-gcc" "ARCHIVER=arm-none-eabi-ar" "COMPILER_FLAGS=  -O2 -c" "EXTRA_COMPILER_FLAGS=-mcpu=cortex-a9 -mfpu=vfpv3 -mfloat-abi=hard -nostartfiles -g -Wall -Wextra"
"Compiling coresightps_dcc"
arm-none-eabi-ar: creating ../../../lib/libxil.a
"Running Make libs in ps7_cortexa9_0/libsrc/cpu_cortexa9_v2_7/src"
make -C ps7_cortexa9_0/libsrc/cpu_cortexa9_v2_7/src -s libs  "SHELL=CMD" "COMPILER=arm-none-eabi-gcc" "ARCHIVER=arm-none-eabi-ar" "COMPILER_FLAGS=  -O2 -c" "EXTRA_COMPILER_FLAGS=-mcpu=cortex-a9 -mfpu=vfpv3 -mfloat-abi=hard -nostartfiles -g -Wall -Wextra"
"Compiling cpu_cortexa9"
"Running Make libs in ps7_cortexa9_0/libsrc/ddrps_v1_0/src"
make -C ps7_cortexa9_0/libsrc/ddrps_v1_0/src -s libs  "SHELL=CMD" "COMPILER=arm-none-eabi-gcc" "ARCHIVER=arm-none-eabi-ar" "COMPILER_FLAGS=  -O2 -c" "EXTRA_COMPILER_FLAGS=-mcpu=cortex-a9 -mfpu=vfpv3 -mfloat-abi=hard -nostartfiles -g -Wall -Wextra"
"Compiling ddrps"
"Running Make libs in ps7_cortexa9_0/libsrc/devcfg_v3_5/src"
make -C ps7_cortexa9_0/libsrc/devcfg_v3_5/src -s libs  "SHELL=CMD" "COMPILER=arm-none-eabi-gcc" "ARCHIVER=arm-none-eabi-ar" "COMPILER_FLAGS=  -O2 -c" "EXTRA_COMPILER_FLAGS=-mcpu=cortex-a9 -mfpu=vfpv3 -mfloat-abi=hard -nostartfiles -g -Wall -Wextra"
"Compiling devcfg"
"Running Make libs in ps7_cortexa9_0/libsrc/dmaps_v2_4/src"
make -C ps7_cortexa9_0/libsrc/dmaps_v2_4/src -s libs  "SHELL=CMD" "COMPILER=arm-none-eabi-gcc" "ARCHIVER=arm-none-eabi-ar" "COMPILER_FLAGS=  -O2 -c" "EXTRA_COMPILER_FLAGS=-mcpu=cortex-a9 -mfpu=vfpv3 -mfloat-abi=hard -nostartfiles -g -Wall -Wextra"
"Compiling dmaps"
"Running Make libs in ps7_cortexa9_0/libsrc/gpiops_v3_4/src"
make -C ps7_cortexa9_0/libsrc/gpiops_v3_4/src -s libs  "SHELL=CMD" "COMPILER=arm-none-eabi-gcc" "ARCHIVER=arm-none-eabi-ar" "COMPILER_FLAGS=  -O2 -c" "EXTRA_COMPILER_FLAGS=-mcpu=cortex-a9 -mfpu=vfpv3 -mfloat-abi=hard -nostartfiles -g -Wall -Wextra"
"Compiling gpiops"
"Running Make libs in ps7_cortexa9_0/libsrc/qspips_v3_5/src"
make -C ps7_cortexa9_0/libsrc/qspips_v3_5/src -s libs  "SHELL=CMD" "COMPILER=arm-none-eabi-gcc" "ARCHIVER=arm-none-eabi-ar" "COMPILER_FLAGS=  -O2 -c" "EXTRA_COMPILER_FLAGS=-mcpu=cortex-a9 -mfpu=vfpv3 -mfloat-abi=hard -nostartfiles -g -Wall -Wextra"
"Compiling qspips"
"Running Make libs in ps7_cortexa9_0/libsrc/scugic_v3_10/src"
make -C ps7_cortexa9_0/libsrc/scugic_v3_10/src -s libs  "SHELL=CMD" "COMPILER=arm-none-eabi-gcc" "ARCHIVER=arm-none-eabi-ar" "COMPILER_FLAGS=  -O2 -c" "EXTRA_COMPILER_FLAGS=-mcpu=cortex-a9 -mfpu=vfpv3 -mfloat-abi=hard -nostartfiles -g -Wall -Wextra"
"Compiling scugic"
"Running Make libs in ps7_cortexa9_0/libsrc/scutimer_v2_1/src"
make -C ps7_cortexa9_0/libsrc/scutimer_v2_1/src -s libs  "SHELL=CMD" "COMPILER=arm-none-eabi-gcc" "ARCHIVER=arm-none-eabi-ar" "COMPILER_FLAGS=  -O2 -c" "EXTRA_COMPILER_FLAGS=-mcpu=cortex-a9 -mfpu=vfpv3 -mfloat-abi=hard -nostartfiles -g -Wall -Wextra"
"Compiling scutimer"
"Running Make libs in ps7_cortexa9_0/libsrc/scuwdt_v2_1/src"
make -C ps7_cortexa9_0/libsrc/scuwdt_v2_1/src -s libs  "SHELL=CMD" "COMPILER=arm-none-eabi-gcc" "ARCHIVER=arm-none-eabi-ar" "COMPILER_FLAGS=  -O2 -c" "EXTRA_COMPILER_FLAGS=-mcpu=cortex-a9 -mfpu=vfpv3 -mfloat-abi=hard -nostartfiles -g -Wall -Wextra"
"Compiling scuwdt"
"Running Make libs in ps7_cortexa9_0/libsrc/standalone_v6_8/src"
make -C ps7_cortexa9_0/libsrc/standalone_v6_8/src -s libs  "SHELL=CMD" "COMPILER=arm-none-eabi-gcc" "ARCHIVER=arm-none-eabi-ar" "COMPILER_FLAGS=  -O2 -c" "EXTRA_COMPILER_FLAGS=-mcpu=cortex-a9 -mfpu=vfpv3 -mfloat-abi=hard -nostartfiles -g -Wall -Wextra"
"Compiling standalone"
In file included from usleep.c:56:
xtime_l.h:87:9: note: #pragma message: For the sleep routines, Global timer is being used
 #pragma message ("For the sleep routines, Global timer is being used")
         ^~~~~~~
In file included from xil_sleeptimer.c:51:
xtime_l.h:87:9: note: #pragma message: For the sleep routines, Global timer is being used
 #pragma message ("For the sleep routines, Global timer is being used")
         ^~~~~~~
In file included from xtime_l.c:49:
xtime_l.h:87:9: note: #pragma message: For the sleep routines, Global timer is being used
 #pragma message ("For the sleep routines, Global timer is being used")
         ^~~~~~~
In file included from sleep.c:53:
xtime_l.h:87:9: note: #pragma message: For the sleep routines, Global timer is being used
 #pragma message ("For the sleep routines, Global timer is being used")
         ^~~~~~~
"Running Make libs in ps7_cortexa9_0/libsrc/uartps_v3_7/src"
make -C ps7_cortexa9_0/libsrc/uartps_v3_7/src -s libs  "SHELL=CMD" "COMPILER=arm-none-eabi-gcc" "ARCHIVER=arm-none-eabi-ar" "COMPILER_FLAGS=  -O2 -c" "EXTRA_COMPILER_FLAGS=-mcpu=cortex-a9 -mfpu=vfpv3 -mfloat-abi=hard -nostartfiles -g -Wall -Wextra"
"Compiling uartps"
"Running Make libs in ps7_cortexa9_0/libsrc/xadcps_v2_3/src"
make -C ps7_cortexa9_0/libsrc/xadcps_v2_3/src -s libs  "SHELL=CMD" "COMPILER=arm-none-eabi-gcc" "ARCHIVER=arm-none-eabi-ar" "COMPILER_FLAGS=  -O2 -c" "EXTRA_COMPILER_FLAGS=-mcpu=cortex-a9 -mfpu=vfpv3 -mfloat-abi=hard -nostartfiles -g -Wall -Wextra"
"Compiling xadcps"
'Finished building libraries'
10:23:09 **** Auto Build of configuration Debug for project gpio ****
make pre-build main-build 
a9-linaro-pre-build-step
' '
'Building file: ../src/helloworld.c'
'Invoking: ARM v7 gcc compiler'
arm-none-eabi-gcc -Wall -O0 -g3 -c -fmessage-length=0 -MT"src/helloworld.o" -mcpu=cortex-a9 -mfpu=vfpv3 -mfloat-abi=hard -I../../gpio_bsp/ps7_cortexa9_0/include -MMD -MP -MF"src/helloworld.d" -MT"src/helloworld.o" -o "src/helloworld.o" "../src/helloworld.c"
'Finished building: ../src/helloworld.c'
' '
'Building file: ../src/platform.c'
'Invoking: ARM v7 gcc compiler'
arm-none-eabi-gcc -Wall -O0 -g3 -c -fmessage-length=0 -MT"src/platform.o" -mcpu=cortex-a9 -mfpu=vfpv3 -mfloat-abi=hard -I../../gpio_bsp/ps7_cortexa9_0/include -MMD -MP -MF"src/platform.d" -MT"src/platform.o" -o "src/platform.o" "../src/platform.c"
'Finished building: ../src/platform.c'
' '
'Building target: gpio.elf'
'Invoking: ARM v7 gcc linker'
arm-none-eabi-gcc -mcpu=cortex-a9 -mfpu=vfpv3 -mfloat-abi=hard -Wl,-build-id=none -specs=Xilinx.spec -Wl,-T -Wl,../src/lscript.ld -L../../gpio_bsp/ps7_cortexa9_0/lib -o "gpio.elf"  ./src/helloworld.o ./src/platform.o   -Wl,--start-group,-lxil,-lgcc,-lc,--end-group
'Finished building target: gpio.elf'
' '
'Invoking: ARM v7 Print Size'
arm-none-eabi-size gpio.elf  |tee "gpio.elf.size"
   text	   data	    bss	    dec	    hex	filename
  36776	   1552	  23304	  61632	   f0c0	gpio.elf
'Finished building: gpio.elf.size'
' '
10:23:21 **** Incremental Build of configuration Debug for project gpio ****
make pre-build main-build 
a9-linaro-pre-build-step
' '
make: Nothing to be done for 'main-build'.
